Archive member included because of file (symbol)

C:\Marmalade\6.1\s3e\edk\lib\android\libedk.a(edk_helpers.o)
                              release\imageResize_platform.os (s3eEdkThreadRunOnOS)

Discarded input sections

 .data          0x00000000        0x0 C:/android-ndk-r8/platforms/android-9/arch-arm/usr/lib/crtbegin_so.o
 _ZN7_JNIEnv17CallBooleanMethodEP8_jobjectP10_jmethodIDz
                0x00000000        0x0 release\imageResize_platform.os
 _ZN7_JNIEnv9NewObjectEP7_jclassP10_jmethodIDz
                0x00000000        0x0 release\imageResize_platform.os
 .text          0x00000000        0x0 release\imageResize_platform.os
 .data          0x00000000        0x0 release\imageResize_platform.os
 .note.GNU-stack
                0x00000000        0x0 release\imageResize_platform.os
 .text          0x00000000        0x0 release\imageResize.os
 .data          0x00000000        0x0 release\imageResize.os
 .bss           0x00000000        0x0 release\imageResize.os
 .note.GNU-stack
                0x00000000        0x0 release\imageResize.os
 .text          0x00000000        0x0 release\imageResize_register.os
 .data          0x00000000        0x0 release\imageResize_register.os
 .bss           0x00000000        0x0 release\imageResize_register.os
 .text._Z22imageResizeRegisterExtv
                0x00000000        0x0 release\imageResize_register.os
 .note.GNU-stack
                0x00000000        0x0 release\imageResize_register.os
 .text          0x00000000        0x0 C:\Marmalade\6.1\s3e\edk\lib\android\libedk.a(edk_helpers.o)
 .data          0x00000000        0x0 C:\Marmalade\6.1\s3e\edk\lib\android\libedk.a(edk_helpers.o)
 .bss           0x00000000        0x0 C:\Marmalade\6.1\s3e\edk\lib\android\libedk.a(edk_helpers.o)
 .text.s3eEdkThreadRunOnOSAsync
                0x00000000        0x0 C:\Marmalade\6.1\s3e\edk\lib\android\libedk.a(edk_helpers.o)
 .text.s3eEdkErrorSetString
                0x00000000        0x0 C:\Marmalade\6.1\s3e\edk\lib\android\libedk.a(edk_helpers.o)
 .note.GNU-stack
                0x00000000        0x0 C:\Marmalade\6.1\s3e\edk\lib\android\libedk.a(edk_helpers.o)
 .text          0x00000000        0x0 C:/android-ndk-r8/platforms/android-9/arch-arm/usr/lib/crtend_so.o
 .data          0x00000000        0x0 C:/android-ndk-r8/platforms/android-9/arch-arm/usr/lib/crtend_so.o
 .bss           0x00000000        0x0 C:/android-ndk-r8/platforms/android-9/arch-arm/usr/lib/crtend_so.o

Memory Configuration

Name             Origin             Length             Attributes
*default*        0x00000000         0xffffffff

Linker script and memory map

LOAD C:/android-ndk-r8/platforms/android-9/arch-arm/usr/lib/crtbegin_so.o
LOAD release\imageResize_platform.os
LOAD release\imageResize.os
LOAD release\imageResize_register.os
LOAD C:\Marmalade\6.1\s3e\edk\lib\android\libedk.a
LOAD C:\Marmalade\6.1\s3e\edk\lib\android/libplaceholderplaceholderplaceholderplaceholderplaceholder.so
LOAD C:\android-ndk-r8\platforms\android-9\arch-arm\usr\lib/liblog.so
LOAD C:\android-ndk-r8\sources\cxx-stl\gnu-libstdc++\libs\armeabi\libgnustl_static.a
LOAD c:/android-ndk-r8/toolchains/arm-linux-androideabi-4.4.3/prebuilt/windows/bin/../lib/gcc/arm-linux-androideabi/4.4.3\libgcc.a
LOAD C:\android-ndk-r8\platforms\android-9\arch-arm\usr\lib/libstdc++.so
LOAD C:\android-ndk-r8\platforms\android-9\arch-arm\usr\lib/libm.so
LOAD C:\android-ndk-r8\platforms\android-9\arch-arm\usr\lib/libc.so
LOAD c:/android-ndk-r8/toolchains/arm-linux-androideabi-4.4.3/prebuilt/windows/bin/../lib/gcc/arm-linux-androideabi/4.4.3\libgcc.a
LOAD C:\android-ndk-r8\platforms\android-9\arch-arm\usr\lib/libc.so
LOAD C:\android-ndk-r8\platforms\android-9\arch-arm\usr\lib/libdl.so
LOAD c:/android-ndk-r8/toolchains/arm-linux-androideabi-4.4.3/prebuilt/windows/bin/../lib/gcc/arm-linux-androideabi/4.4.3\libgcc.a
LOAD C:/android-ndk-r8/platforms/android-9/arch-arm/usr/lib/crtend_so.o
                0x000000b4                . = (0x0 + SIZEOF_HEADERS)

.note.gnu.build-id
 *(.note.gnu.build-id)

.hash           0x000000b4       0xb4
 *(.hash)
 .hash          0x000000b4       0xb4 C:/android-ndk-r8/platforms/android-9/arch-arm/usr/lib/crtbegin_so.o

.gnu.hash
 *(.gnu.hash)

.dynsym         0x00000168      0x1a0
 *(.dynsym)
 .dynsym        0x00000168      0x1a0 C:/android-ndk-r8/platforms/android-9/arch-arm/usr/lib/crtbegin_so.o

.dynstr         0x00000308      0x195
 *(.dynstr)
 .dynstr        0x00000308      0x195 C:/android-ndk-r8/platforms/android-9/arch-arm/usr/lib/crtbegin_so.o

.gnu.version    0x0000049e        0x0 load address 0x0000049d
 *(.gnu.version)
 .gnu.version   0x00000000        0x0 C:/android-ndk-r8/platforms/android-9/arch-arm/usr/lib/crtbegin_so.o

.gnu.version_d  0x000004a0        0x0 load address 0x0000049d
 *(.gnu.version_d)
 .gnu.version_d
                0x00000000        0x0 C:/android-ndk-r8/platforms/android-9/arch-arm/usr/lib/crtbegin_so.o

.gnu.version_r  0x000004a0        0x0 load address 0x0000049d
 *(.gnu.version_r)
 .gnu.version_r
                0x00000000        0x0 C:/android-ndk-r8/platforms/android-9/arch-arm/usr/lib/crtbegin_so.o

.rel.dyn        0x000004a0       0x30
 *(.rel.init)
 *(.rel.text .rel.text.* .rel.gnu.linkonce.t.*)
 .rel.text      0x000004a0        0x8 C:/android-ndk-r8/platforms/android-9/arch-arm/usr/lib/crtbegin_so.o
 *(.rel.fini)
 *(.rel.rodata .rel.rodata.* .rel.gnu.linkonce.r.*)
 *(.rel.data.rel.ro* .rel.gnu.linkonce.d.rel.ro.*)
 *(.rel.data .rel.data.* .rel.gnu.linkonce.d.*)
 *(.rel.tdata .rel.tdata.* .rel.gnu.linkonce.td.*)
 *(.rel.tbss .rel.tbss.* .rel.gnu.linkonce.tb.*)
 *(.rel.ctors)
 *(.rel.dtors)
 *(.rel.got)
 .rel.got       0x000004a8       0x20 C:/android-ndk-r8/platforms/android-9/arch-arm/usr/lib/crtbegin_so.o
 *(.rel.bss .rel.bss.* .rel.gnu.linkonce.b.*)
 .rel.fini_array
                0x000004c8        0x8 C:/android-ndk-r8/platforms/android-9/arch-arm/usr/lib/crtbegin_so.o

.rela.dyn
 *(.rela.init)
 *(.rela.text .rela.text.* .rela.gnu.linkonce.t.*)
 *(.rela.fini)
 *(.rela.rodata .rela.rodata.* .rela.gnu.linkonce.r.*)
 *(.rela.data .rela.data.* .rela.gnu.linkonce.d.*)
 *(.rela.tdata .rela.tdata.* .rela.gnu.linkonce.td.*)
 *(.rela.tbss .rela.tbss.* .rela.gnu.linkonce.tb.*)
 *(.rela.ctors)
 *(.rela.dtors)
 *(.rela.got)
 *(.rela.bss .rela.bss.* .rela.gnu.linkonce.b.*)

.rel.plt        0x000004d0       0x38
 *(.rel.plt)
 .rel.plt       0x000004d0       0x38 C:/android-ndk-r8/platforms/android-9/arch-arm/usr/lib/crtbegin_so.o

.rela.plt
 *(.rela.plt)

.init
 *(.init)

.plt            0x00000508       0x68
 *(.plt)
 .plt           0x00000508       0x68 C:/android-ndk-r8/platforms/android-9/arch-arm/usr/lib/crtbegin_so.o

.text           0x00000570      0x60c
 *(.text .stub .text.* .gnu.linkonce.t.*)
 .text          0x00000570       0x10 C:/android-ndk-r8/platforms/android-9/arch-arm/usr/lib/crtbegin_so.o
 .text._Z29imageResizeTerminate_platformv
                0x00000580        0x4 release\imageResize_platform.os
                0x00000580                imageResizeTerminate_platform()
 .text._ZN7_JNIEnv17CallBooleanMethodEP8_jobjectP10_jmethodIDz
                0x00000584       0x34 release\imageResize_platform.os
                0x00000584                _JNIEnv::CallBooleanMethod(_jobject*, _jmethodID*, ...)
 .text._ZN7_JNIEnv9NewObjectEP7_jclassP10_jmethodIDz
                0x000005b8       0x34 release\imageResize_platform.os
                0x000005b8                _JNIEnv::NewObject(_jclass*, _jmethodID*, ...)
 .text._Z24imageResizeInit_platformv
                0x000005ec      0x1a8 release\imageResize_platform.os
                0x000005ec                imageResizeInit_platform()
 .text._Z20resizeImage_platformPKcS0_ii
                0x00000794       0xa8 release\imageResize_platform.os
                0x00000794                resizeImage_platform(char const*, char const*, int, int)
 .text._ZL27s3eEdkAndroidFindClass_realPKc
                0x0000083c       0xb8 release\imageResize_platform.os
 .text.cnsSaveImageBufferToGallery
                0x000008f4      0x138 release\imageResize_platform.os
                0x000008f4                cnsSaveImageBufferToGallery
 .text.resizeImage
                0x00000a2c        0x4 release\imageResize.os
                0x00000a2c                resizeImage
 .text._Z20imageResizeTerminatev
                0x00000a30        0x4 release\imageResize.os
                0x00000a30                imageResizeTerminate()
 .text._Z15imageResizeInitv
                0x00000a34        0x4 release\imageResize.os
                0x00000a34                imageResizeInit()
 .text.imageResizeUnRegister
                0x00000a38       0x30 release\imageResize_register.os
                0x00000a38                imageResizeUnRegister
 .text.imageResizeRegister
                0x00000a68       0x34 release\imageResize_register.os
                0x00000a68                imageResizeRegister
 .text.RegisterExt
                0x00000a9c       0xb0 release\imageResize_register.os
                0x00000a9c                RegisterExt
 .text.s3eEdkThreadRunOnOS
                0x00000b4c       0x30 C:\Marmalade\6.1\s3e\edk\lib\android\libedk.a(edk_helpers.o)
                0x00000b4c                s3eEdkThreadRunOnOS
 *(.gnu.warning)
 *(.glue_7t)
 .glue_7t       0x00000000        0x0 linker stubs
 *(.glue_7)
 .glue_7        0x00000000        0x0 linker stubs
 *(.vfp11_veneer)
 .vfp11_veneer  0x00000000        0x0 linker stubs
 *(.v4_bx)
 .v4_bx         0x00000000        0x0 linker stubs

.fini
 *(.fini)
                0x00000b7c                PROVIDE (__etext, .)
                0x00000b7c                PROVIDE (_etext, .)
                0x00000b7c                PROVIDE (etext, .)

.rodata         0x00000b7c       0x88
 *(.rodata .rodata.* .gnu.linkonce.r.*)
 .rodata.str1.4
                0x00000b7c       0x88 release\imageResize_platform.os
 .rodata.str1.4
                0x00000000        0xc release\imageResize_register.os

.rodata1
 *(.rodata1)

.ARM.extab
 *(.ARM.extab* .gnu.linkonce.armextab.*)
                0x00000c04                __exidx_start = .

.ARM.exidx
 *(.ARM.exidx* .gnu.linkonce.armexidx.*)
                0x00000c04                __exidx_end = .

.eh_frame_hdr
 *(.eh_frame_hdr)

.eh_frame
 *(.eh_frame)

.gcc_except_table
 *(.gcc_except_table .gcc_except_table.*)
                0x00000c04                . = (ALIGN (0x1000) - ((0x1000 - .) & 0xfff))
                0x00001c04                . = (0x1000 DATA_SEGMENT_ALIGN 0x1000)

.eh_frame
 *(.eh_frame)

.gcc_except_table
 *(.gcc_except_table .gcc_except_table.*)

.tdata
 *(.tdata .tdata.* .gnu.linkonce.td.*)

.tbss
 *(.tbss .tbss.* .gnu.linkonce.tb.*)
 *(.tcommon)

.preinit_array
 *(.preinit_array)

.init_array     0x00001c04        0x8
 *(SORT(.init_array.*))
 *(.init_array)
 .init_array    0x00001c04        0x4 C:/android-ndk-r8/platforms/android-9/arch-arm/usr/lib/crtbegin_so.o
                0x00001c04                __INIT_ARRAY__
 .init_array    0x00001c08        0x4 C:/android-ndk-r8/platforms/android-9/arch-arm/usr/lib/crtend_so.o

.fini_array     0x00001c0c        0xc
 *(.fini_array)
 .fini_array    0x00001c0c        0x8 C:/android-ndk-r8/platforms/android-9/arch-arm/usr/lib/crtbegin_so.o
                0x00001c0c                __FINI_ARRAY__
 .fini_array    0x00001c14        0x4 C:/android-ndk-r8/platforms/android-9/arch-arm/usr/lib/crtend_so.o
 *(SORT(.fini_array.*))

.ctors
 *crtbegin.o(.ctors)
 *crtbegin?.o(.ctors)
 *(EXCLUDE_FILE(*crtend?.o *crtend.o) .ctors)
 *(SORT(.ctors.*))
 *(.ctors)

.dtors
 *crtbegin.o(.dtors)
 *crtbegin?.o(.dtors)
 *(EXCLUDE_FILE(*crtend?.o *crtend.o) .dtors)
 *(SORT(.dtors.*))
 *(.dtors)

.jcr
 *(.jcr)

.data.rel.ro
 *(.data.rel.ro.local* .gnu.linkonce.d.rel.ro.local.*)
 *(.data.rel.ro* .gnu.linkonce.d.rel.ro.*)

.dynamic        0x00001c18       0xd0
 *(.dynamic)
 .dynamic       0x00001c18       0xd0 C:/android-ndk-r8/platforms/android-9/arch-arm/usr/lib/crtbegin_so.o
                0x00001c18                _DYNAMIC
                0x00001ce8                . = (. DATA_SEGMENT_RELRO_END 0x0)

.got            0x00001ce8       0x38
 *(.got.plt)
 .got.plt       0x00001ce8       0x28 C:/android-ndk-r8/platforms/android-9/arch-arm/usr/lib/crtbegin_so.o
                0x00001ce8                _GLOBAL_OFFSET_TABLE_
 *(.got)
 .got           0x00001d10       0x10 C:/android-ndk-r8/platforms/android-9/arch-arm/usr/lib/crtbegin_so.o

.data           0x00001d20        0x0
                0x00001d20                __data_start = .
 *(.data .data.* .gnu.linkonce.d.*)

.data1
 *(.data1)
                0x00001d20                _edata = .
                0x00001d20                PROVIDE (edata, .)
                0x00001d20                __bss_start = .
                0x00001d20                __bss_start__ = .

.bss            0x00001d20       0x1c
 *(.dynbss)
 .dynbss        0x00000000        0x0 C:/android-ndk-r8/platforms/android-9/arch-arm/usr/lib/crtbegin_so.o
 *(.bss .bss.* .gnu.linkonce.b.*)
 .bss           0x00001d20       0x10 C:/android-ndk-r8/platforms/android-9/arch-arm/usr/lib/crtbegin_so.o
                0x00001d20                __dso_handle
 .bss           0x00001d30        0xc release\imageResize_platform.os
 *(COMMON)
                0x00001d3c                . = ALIGN ((. != 0x0)?0x4:0x1)
                0x00001d3c                _bss_end__ = .
                0x00001d3c                __bss_end__ = .
                0x00001d3c                . = ALIGN (0x4)
                0x00001d3c                . = ALIGN (0x4)
                0x00001d3c                __end__ = .
                0x00001d3c                _end = .
                0x00001d3c                PROVIDE (end, .)
                0x00001d3c                . = DATA_SEGMENT_END (.)

.stab
 *(.stab)

.stabstr
 *(.stabstr)

.stab.excl
 *(.stab.excl)

.stab.exclstr
 *(.stab.exclstr)

.stab.index
 *(.stab.index)

.stab.indexstr
 *(.stab.indexstr)

.comment        0x00000000       0x48
 *(.comment)
 .comment       0x00000000       0x12 release\imageResize_platform.os
 .comment       0x00000012       0x12 release\imageResize.os
 .comment       0x00000024       0x12 release\imageResize_register.os
 .comment       0x00000036       0x12 C:\Marmalade\6.1\s3e\edk\lib\android\libedk.a(edk_helpers.o)

.debug
 *(.debug)

.line
 *(.line)

.debug_srcinfo
 *(.debug_srcinfo)

.debug_sfnames
 *(.debug_sfnames)

.debug_aranges
 *(.debug_aranges)

.debug_pubnames
 *(.debug_pubnames)

.debug_info
 *(.debug_info .gnu.linkonce.wi.*)

.debug_abbrev
 *(.debug_abbrev)

.debug_line
 *(.debug_line)

.debug_frame
 *(.debug_frame)

.debug_str
 *(.debug_str)

.debug_loc
 *(.debug_loc)

.debug_macinfo
 *(.debug_macinfo)

.debug_weaknames
 *(.debug_weaknames)

.debug_funcnames
 *(.debug_funcnames)

.debug_typenames
 *(.debug_typenames)

.debug_varnames
 *(.debug_varnames)

.debug_pubtypes
 *(.debug_pubtypes)

.debug_ranges
 *(.debug_ranges)

.gnu.attributes
 *(.gnu.attributes)

.note.gnu.arm.ident
 *(.note.gnu.arm.ident)

/DISCARD/
 *(.note.GNU-stack)
 *(.gnu_debuglink)
OUTPUT(C:\Marmalade\6.1\extensions\imageResize\lib\android\libimageResize.so elf32-littlearm)

.ARM.attributes
                0x00000000       0x29
 .ARM.attributes
                0x00000000       0x19 C:/android-ndk-r8/platforms/android-9/arch-arm/usr/lib/crtbegin_so.o
 .ARM.attributes
                0x00000019       0x2b release\imageResize_platform.os
 .ARM.attributes
                0x00000044       0x2b release\imageResize.os
 .ARM.attributes
                0x0000006f       0x2b release\imageResize_register.os
 .ARM.attributes
                0x0000009a       0x2b C:\Marmalade\6.1\s3e\edk\lib\android\libedk.a(edk_helpers.o)
 .ARM.attributes
                0x000000c5       0x17 C:/android-ndk-r8/platforms/android-9/arch-arm/usr/lib/crtend_so.o
