Archive member included because of file (symbol)

C:\Marmalade\6.1\s3e\edk\lib\android\libedk.a(IwDebug.o)
                              debug\imageResize_platform.os (IwDebugTraceSetTraceChannel)
C:\Marmalade\6.1\s3e\edk\lib\android\libedk.a(edk_helpers.o)
                              debug\imageResize_platform.os (s3eEdkThreadRunOnOS)
c:/android-ndk-r8/toolchains/arm-linux-androideabi-4.4.3/prebuilt/windows/bin/../lib/gcc/arm-linux-androideabi/4.4.3\libgcc.a(_aeabi_ldivmod.o)
                              C:\Marmalade\6.1\s3e\edk\lib\android\libedk.a(IwDebug.o) (__aeabi_ldivmod)
c:/android-ndk-r8/toolchains/arm-linux-androideabi-4.4.3/prebuilt/windows/bin/../lib/gcc/arm-linux-androideabi/4.4.3\libgcc.a(bpabi.o)
                              c:/android-ndk-r8/toolchains/arm-linux-androideabi-4.4.3/prebuilt/windows/bin/../lib/gcc/arm-linux-androideabi/4.4.3\libgcc.a(_aeabi_ldivmod.o) (__gnu_ldivmod_helper)
c:/android-ndk-r8/toolchains/arm-linux-androideabi-4.4.3/prebuilt/windows/bin/../lib/gcc/arm-linux-androideabi/4.4.3\libgcc.a(unwind-arm.o)
                              c:/android-ndk-r8/toolchains/arm-linux-androideabi-4.4.3/prebuilt/windows/bin/../lib/gcc/arm-linux-androideabi/4.4.3\libgcc.a(bpabi.o) (__aeabi_unwind_cpp_pr0)
c:/android-ndk-r8/toolchains/arm-linux-androideabi-4.4.3/prebuilt/windows/bin/../lib/gcc/arm-linux-androideabi/4.4.3\libgcc.a(libunwind.o)
                              c:/android-ndk-r8/toolchains/arm-linux-androideabi-4.4.3/prebuilt/windows/bin/../lib/gcc/arm-linux-androideabi/4.4.3\libgcc.a(unwind-arm.o) (restore_core_regs)
c:/android-ndk-r8/toolchains/arm-linux-androideabi-4.4.3/prebuilt/windows/bin/../lib/gcc/arm-linux-androideabi/4.4.3\libgcc.a(pr-support.o)
                              c:/android-ndk-r8/toolchains/arm-linux-androideabi-4.4.3/prebuilt/windows/bin/../lib/gcc/arm-linux-androideabi/4.4.3\libgcc.a(unwind-arm.o) (__gnu_unwind_execute)
c:/android-ndk-r8/toolchains/arm-linux-androideabi-4.4.3/prebuilt/windows/bin/../lib/gcc/arm-linux-androideabi/4.4.3\libgcc.a(_divdi3.o)
                              c:/android-ndk-r8/toolchains/arm-linux-androideabi-4.4.3/prebuilt/windows/bin/../lib/gcc/arm-linux-androideabi/4.4.3\libgcc.a(bpabi.o) (__divdi3)
c:/android-ndk-r8/toolchains/arm-linux-androideabi-4.4.3/prebuilt/windows/bin/../lib/gcc/arm-linux-androideabi/4.4.3\libgcc.a(_udivdi3.o)
                              c:/android-ndk-r8/toolchains/arm-linux-androideabi-4.4.3/prebuilt/windows/bin/../lib/gcc/arm-linux-androideabi/4.4.3\libgcc.a(bpabi.o) (__udivdi3)
c:/android-ndk-r8/toolchains/arm-linux-androideabi-4.4.3/prebuilt/windows/bin/../lib/gcc/arm-linux-androideabi/4.4.3\libgcc.a(_udivsi3.o)
                              c:/android-ndk-r8/toolchains/arm-linux-androideabi-4.4.3/prebuilt/windows/bin/../lib/gcc/arm-linux-androideabi/4.4.3\libgcc.a(_divdi3.o) (__aeabi_uidiv)
c:/android-ndk-r8/toolchains/arm-linux-androideabi-4.4.3/prebuilt/windows/bin/../lib/gcc/arm-linux-androideabi/4.4.3\libgcc.a(_dvmd_lnx.o)
                              c:/android-ndk-r8/toolchains/arm-linux-androideabi-4.4.3/prebuilt/windows/bin/../lib/gcc/arm-linux-androideabi/4.4.3\libgcc.a(_udivsi3.o) (__div0)

Discarded input sections

 .data          0x00000000        0x0 C:/android-ndk-r8/platforms/android-9/arch-arm/usr/lib/crtbegin_so.o
 _ZN7_JNIEnv9FindClassEPKc
                0x00000000        0x0 debug\imageResize_platform.os
 _ZN7_JNIEnv17ExceptionOccurredEv
                0x00000000        0x0 debug\imageResize_platform.os
 _ZN7_JNIEnv17ExceptionDescribeEv
                0x00000000        0x0 debug\imageResize_platform.os
 _ZN7_JNIEnv14ExceptionClearEv
                0x00000000        0x0 debug\imageResize_platform.os
 _ZN7_JNIEnv12NewGlobalRefEP8_jobject
                0x00000000        0x0 debug\imageResize_platform.os
 _ZN7_JNIEnv15DeleteGlobalRefEP8_jobject
                0x00000000        0x0 debug\imageResize_platform.os
 _ZN7_JNIEnv14DeleteLocalRefEP8_jobject
                0x00000000        0x0 debug\imageResize_platform.os
 _ZN7_JNIEnv9NewObjectEP7_jclassP10_jmethodIDz
                0x00000000        0x0 debug\imageResize_platform.os
 _ZN7_JNIEnv11GetMethodIDEP7_jclassPKcS3_
                0x00000000        0x0 debug\imageResize_platform.os
 _ZN7_JNIEnv17CallBooleanMethodEP8_jobjectP10_jmethodIDz
                0x00000000        0x0 debug\imageResize_platform.os
 _ZN7_JNIEnv12NewStringUTFEPKc
                0x00000000        0x0 debug\imageResize_platform.os
 _ZN7_JNIEnv11NewIntArrayEi
                0x00000000        0x0 debug\imageResize_platform.os
 _ZN7_JNIEnv17SetIntArrayRegionEP10_jintArrayiiPKi
                0x00000000        0x0 debug\imageResize_platform.os
 _ZN7_JavaVM6GetEnvEPPvi
                0x00000000        0x0 debug\imageResize_platform.os
 .text          0x00000000        0x0 debug\imageResize_platform.os
 .data          0x00000000        0x0 debug\imageResize_platform.os
 .note.GNU-stack
                0x00000000        0x0 debug\imageResize_platform.os
 .text          0x00000000        0x0 debug\imageResize.os
 .data          0x00000000        0x0 debug\imageResize.os
 .bss           0x00000000        0x0 debug\imageResize.os
 .note.GNU-stack
                0x00000000        0x0 debug\imageResize.os
 .text          0x00000000        0x0 debug\imageResize_register.os
 .data          0x00000000        0x0 debug\imageResize_register.os
 .bss           0x00000000        0x0 debug\imageResize_register.os
 .note.GNU-stack
                0x00000000        0x0 debug\imageResize_register.os
 .text          0x00000000        0x0 C:\Marmalade\6.1\s3e\edk\lib\android\libedk.a(IwDebug.o)
 .data          0x00000000        0x0 C:\Marmalade\6.1\s3e\edk\lib\android\libedk.a(IwDebug.o)
 .text.IwAssertRegisterTextCallback
                0x00000000        0x0 C:\Marmalade\6.1\s3e\edk\lib\android\libedk.a(IwDebug.o)
 .text.IwAssertRegisterCallback
                0x00000000        0x0 C:\Marmalade\6.1\s3e\edk\lib\android\libedk.a(IwDebug.o)
 .text.IwDebugErrorRegisterCallback
                0x00000000        0x0 C:\Marmalade\6.1\s3e\edk\lib\android\libedk.a(IwDebug.o)
 .text.IwDebugAssertSetUID
                0x00000000        0x0 C:\Marmalade\6.1\s3e\edk\lib\android\libedk.a(IwDebug.o)
 .text.IwDebugClearConfigCache
                0x00000000        0x0 C:\Marmalade\6.1\s3e\edk\lib\android\libedk.a(IwDebug.o)
 .text.IwDebugErrorShow
                0x00000000        0x0 C:\Marmalade\6.1\s3e\edk\lib\android\libedk.a(IwDebug.o)
 .text.IwDebugTraceLineVPrintf
                0x00000000        0x0 C:\Marmalade\6.1\s3e\edk\lib\android\libedk.a(IwDebug.o)
 .text.IwDebugAssertIsChannelOn
                0x00000000        0x0 C:\Marmalade\6.1\s3e\edk\lib\android\libedk.a(IwDebug.o)
 .text.IwDebugTraceDisable
                0x00000000        0x0 C:\Marmalade\6.1\s3e\edk\lib\android\libedk.a(IwDebug.o)
 .text.IwDebugAssertSetMessage
                0x00000000        0x0 C:\Marmalade\6.1\s3e\edk\lib\android\libedk.a(IwDebug.o)
 .text.IwDebugAssertSetSolution
                0x00000000        0x0 C:\Marmalade\6.1\s3e\edk\lib\android\libedk.a(IwDebug.o)
 .text.IwDebugAssertShow
                0x00000000        0x0 C:\Marmalade\6.1\s3e\edk\lib\android\libedk.a(IwDebug.o)
 .text.IwDebugTraceChannelSwitch
                0x00000000        0x0 C:\Marmalade\6.1\s3e\edk\lib\android\libedk.a(IwDebug.o)
 .note.GNU-stack
                0x00000000        0x0 C:\Marmalade\6.1\s3e\edk\lib\android\libedk.a(IwDebug.o)
 .text          0x00000000        0x0 C:\Marmalade\6.1\s3e\edk\lib\android\libedk.a(edk_helpers.o)
 .data          0x00000000        0x0 C:\Marmalade\6.1\s3e\edk\lib\android\libedk.a(edk_helpers.o)
 .bss           0x00000000        0x0 C:\Marmalade\6.1\s3e\edk\lib\android\libedk.a(edk_helpers.o)
 .text.s3eEdkThreadRunOnOSAsync
                0x00000000        0x0 C:\Marmalade\6.1\s3e\edk\lib\android\libedk.a(edk_helpers.o)
 .text.s3eEdkErrorSetString
                0x00000000        0x0 C:\Marmalade\6.1\s3e\edk\lib\android\libedk.a(edk_helpers.o)
 .note.GNU-stack
                0x00000000        0x0 C:\Marmalade\6.1\s3e\edk\lib\android\libedk.a(edk_helpers.o)
 .data          0x00000000        0x0 c:/android-ndk-r8/toolchains/arm-linux-androideabi-4.4.3/prebuilt/windows/bin/../lib/gcc/arm-linux-androideabi/4.4.3\libgcc.a(_aeabi_ldivmod.o)
 .bss           0x00000000        0x0 c:/android-ndk-r8/toolchains/arm-linux-androideabi-4.4.3/prebuilt/windows/bin/../lib/gcc/arm-linux-androideabi/4.4.3\libgcc.a(_aeabi_ldivmod.o)
 .note.GNU-stack
                0x00000000        0x0 c:/android-ndk-r8/toolchains/arm-linux-androideabi-4.4.3/prebuilt/windows/bin/../lib/gcc/arm-linux-androideabi/4.4.3\libgcc.a(_aeabi_ldivmod.o)
 .data          0x00000000        0x0 c:/android-ndk-r8/toolchains/arm-linux-androideabi-4.4.3/prebuilt/windows/bin/../lib/gcc/arm-linux-androideabi/4.4.3\libgcc.a(bpabi.o)
 .bss           0x00000000        0x0 c:/android-ndk-r8/toolchains/arm-linux-androideabi-4.4.3/prebuilt/windows/bin/../lib/gcc/arm-linux-androideabi/4.4.3\libgcc.a(bpabi.o)
 .ARM.extab     0x00000000        0x0 c:/android-ndk-r8/toolchains/arm-linux-androideabi-4.4.3/prebuilt/windows/bin/../lib/gcc/arm-linux-androideabi/4.4.3\libgcc.a(bpabi.o)
 .note.GNU-stack
                0x00000000        0x0 c:/android-ndk-r8/toolchains/arm-linux-androideabi-4.4.3/prebuilt/windows/bin/../lib/gcc/arm-linux-androideabi/4.4.3\libgcc.a(bpabi.o)
 .data          0x00000000        0x0 c:/android-ndk-r8/toolchains/arm-linux-androideabi-4.4.3/prebuilt/windows/bin/../lib/gcc/arm-linux-androideabi/4.4.3\libgcc.a(unwind-arm.o)
 .bss           0x00000000        0x0 c:/android-ndk-r8/toolchains/arm-linux-androideabi-4.4.3/prebuilt/windows/bin/../lib/gcc/arm-linux-androideabi/4.4.3\libgcc.a(unwind-arm.o)
 .note.GNU-stack
                0x00000000        0x0 c:/android-ndk-r8/toolchains/arm-linux-androideabi-4.4.3/prebuilt/windows/bin/../lib/gcc/arm-linux-androideabi/4.4.3\libgcc.a(unwind-arm.o)
 .data          0x00000000        0x0 c:/android-ndk-r8/toolchains/arm-linux-androideabi-4.4.3/prebuilt/windows/bin/../lib/gcc/arm-linux-androideabi/4.4.3\libgcc.a(libunwind.o)
 .bss           0x00000000        0x0 c:/android-ndk-r8/toolchains/arm-linux-androideabi-4.4.3/prebuilt/windows/bin/../lib/gcc/arm-linux-androideabi/4.4.3\libgcc.a(libunwind.o)
 .note.GNU-stack
                0x00000000        0x0 c:/android-ndk-r8/toolchains/arm-linux-androideabi-4.4.3/prebuilt/windows/bin/../lib/gcc/arm-linux-androideabi/4.4.3\libgcc.a(libunwind.o)
 .data          0x00000000        0x0 c:/android-ndk-r8/toolchains/arm-linux-androideabi-4.4.3/prebuilt/windows/bin/../lib/gcc/arm-linux-androideabi/4.4.3\libgcc.a(pr-support.o)
 .bss           0x00000000        0x0 c:/android-ndk-r8/toolchains/arm-linux-androideabi-4.4.3/prebuilt/windows/bin/../lib/gcc/arm-linux-androideabi/4.4.3\libgcc.a(pr-support.o)
 .ARM.extab     0x00000000        0x0 c:/android-ndk-r8/toolchains/arm-linux-androideabi-4.4.3/prebuilt/windows/bin/../lib/gcc/arm-linux-androideabi/4.4.3\libgcc.a(pr-support.o)
 .note.GNU-stack
                0x00000000        0x0 c:/android-ndk-r8/toolchains/arm-linux-androideabi-4.4.3/prebuilt/windows/bin/../lib/gcc/arm-linux-androideabi/4.4.3\libgcc.a(pr-support.o)
 .data          0x00000000        0x0 c:/android-ndk-r8/toolchains/arm-linux-androideabi-4.4.3/prebuilt/windows/bin/../lib/gcc/arm-linux-androideabi/4.4.3\libgcc.a(_divdi3.o)
 .bss           0x00000000        0x0 c:/android-ndk-r8/toolchains/arm-linux-androideabi-4.4.3/prebuilt/windows/bin/../lib/gcc/arm-linux-androideabi/4.4.3\libgcc.a(_divdi3.o)
 .ARM.extab     0x00000000        0x0 c:/android-ndk-r8/toolchains/arm-linux-androideabi-4.4.3/prebuilt/windows/bin/../lib/gcc/arm-linux-androideabi/4.4.3\libgcc.a(_divdi3.o)
 .note.GNU-stack
                0x00000000        0x0 c:/android-ndk-r8/toolchains/arm-linux-androideabi-4.4.3/prebuilt/windows/bin/../lib/gcc/arm-linux-androideabi/4.4.3\libgcc.a(_divdi3.o)
 .data          0x00000000        0x0 c:/android-ndk-r8/toolchains/arm-linux-androideabi-4.4.3/prebuilt/windows/bin/../lib/gcc/arm-linux-androideabi/4.4.3\libgcc.a(_udivdi3.o)
 .bss           0x00000000        0x0 c:/android-ndk-r8/toolchains/arm-linux-androideabi-4.4.3/prebuilt/windows/bin/../lib/gcc/arm-linux-androideabi/4.4.3\libgcc.a(_udivdi3.o)
 .ARM.extab     0x00000000        0x0 c:/android-ndk-r8/toolchains/arm-linux-androideabi-4.4.3/prebuilt/windows/bin/../lib/gcc/arm-linux-androideabi/4.4.3\libgcc.a(_udivdi3.o)
 .note.GNU-stack
                0x00000000        0x0 c:/android-ndk-r8/toolchains/arm-linux-androideabi-4.4.3/prebuilt/windows/bin/../lib/gcc/arm-linux-androideabi/4.4.3\libgcc.a(_udivdi3.o)
 .data          0x00000000        0x0 c:/android-ndk-r8/toolchains/arm-linux-androideabi-4.4.3/prebuilt/windows/bin/../lib/gcc/arm-linux-androideabi/4.4.3\libgcc.a(_udivsi3.o)
 .bss           0x00000000        0x0 c:/android-ndk-r8/toolchains/arm-linux-androideabi-4.4.3/prebuilt/windows/bin/../lib/gcc/arm-linux-androideabi/4.4.3\libgcc.a(_udivsi3.o)
 .note.GNU-stack
                0x00000000        0x0 c:/android-ndk-r8/toolchains/arm-linux-androideabi-4.4.3/prebuilt/windows/bin/../lib/gcc/arm-linux-androideabi/4.4.3\libgcc.a(_udivsi3.o)
 .data          0x00000000        0x0 c:/android-ndk-r8/toolchains/arm-linux-androideabi-4.4.3/prebuilt/windows/bin/../lib/gcc/arm-linux-androideabi/4.4.3\libgcc.a(_dvmd_lnx.o)
 .bss           0x00000000        0x0 c:/android-ndk-r8/toolchains/arm-linux-androideabi-4.4.3/prebuilt/windows/bin/../lib/gcc/arm-linux-androideabi/4.4.3\libgcc.a(_dvmd_lnx.o)
 .note.GNU-stack
                0x00000000        0x0 c:/android-ndk-r8/toolchains/arm-linux-androideabi-4.4.3/prebuilt/windows/bin/../lib/gcc/arm-linux-androideabi/4.4.3\libgcc.a(_dvmd_lnx.o)
 .text          0x00000000        0x0 C:/android-ndk-r8/platforms/android-9/arch-arm/usr/lib/crtend_so.o
 .data          0x00000000        0x0 C:/android-ndk-r8/platforms/android-9/arch-arm/usr/lib/crtend_so.o
 .bss           0x00000000        0x0 C:/android-ndk-r8/platforms/android-9/arch-arm/usr/lib/crtend_so.o

Memory Configuration

Name             Origin             Length             Attributes
*default*        0x00000000         0xffffffff

Linker script and memory map

LOAD C:/android-ndk-r8/platforms/android-9/arch-arm/usr/lib/crtbegin_so.o
LOAD debug\imageResize_platform.os
LOAD debug\imageResize.os
LOAD debug\imageResize_register.os
LOAD C:\Marmalade\6.1\s3e\edk\lib\android\libedk.a
LOAD C:\Marmalade\6.1\s3e\edk\lib\android/libplaceholderplaceholderplaceholderplaceholderplaceholder.so
LOAD C:\android-ndk-r8\platforms\android-9\arch-arm\usr\lib/liblog.so
LOAD C:\android-ndk-r8\sources\cxx-stl\gnu-libstdc++\libs\armeabi\libgnustl_static.a
LOAD c:/android-ndk-r8/toolchains/arm-linux-androideabi-4.4.3/prebuilt/windows/bin/../lib/gcc/arm-linux-androideabi/4.4.3\libgcc.a
LOAD C:\android-ndk-r8\platforms\android-9\arch-arm\usr\lib/libstdc++.so
LOAD C:\android-ndk-r8\platforms\android-9\arch-arm\usr\lib/libm.so
LOAD C:\android-ndk-r8\platforms\android-9\arch-arm\usr\lib/libc.so
LOAD c:/android-ndk-r8/toolchains/arm-linux-androideabi-4.4.3/prebuilt/windows/bin/../lib/gcc/arm-linux-androideabi/4.4.3\libgcc.a
LOAD C:\android-ndk-r8\platforms\android-9\arch-arm\usr\lib/libc.so
LOAD C:\android-ndk-r8\platforms\android-9\arch-arm\usr\lib/libdl.so
LOAD c:/android-ndk-r8/toolchains/arm-linux-androideabi-4.4.3/prebuilt/windows/bin/../lib/gcc/arm-linux-androideabi/4.4.3\libgcc.a
LOAD C:/android-ndk-r8/platforms/android-9/arch-arm/usr/lib/crtend_so.o
                0x000000d4                . = (0x0 + SIZEOF_HEADERS)

.note.gnu.build-id
 *(.note.gnu.build-id)

.hash           0x000000d4      0x320
 *(.hash)
 .hash          0x000000d4      0x320 C:/android-ndk-r8/platforms/android-9/arch-arm/usr/lib/crtbegin_so.o

.gnu.hash
 *(.gnu.hash)

.dynsym         0x000003f4      0x650
 *(.dynsym)
 .dynsym        0x000003f4      0x650 C:/android-ndk-r8/platforms/android-9/arch-arm/usr/lib/crtbegin_so.o

.dynstr         0x00000a44      0x687
 *(.dynstr)
 .dynstr        0x00000a44      0x687 C:/android-ndk-r8/platforms/android-9/arch-arm/usr/lib/crtbegin_so.o

.gnu.version    0x000010cc        0x0 load address 0x000010cb
 *(.gnu.version)
 .gnu.version   0x00000000        0x0 C:/android-ndk-r8/platforms/android-9/arch-arm/usr/lib/crtbegin_so.o

.gnu.version_d  0x000010cc        0x0 load address 0x000010cb
 *(.gnu.version_d)
 .gnu.version_d
                0x00000000        0x0 C:/android-ndk-r8/platforms/android-9/arch-arm/usr/lib/crtbegin_so.o

.gnu.version_r  0x000010cc        0x0 load address 0x000010cb
 *(.gnu.version_r)
 .gnu.version_r
                0x00000000        0x0 C:/android-ndk-r8/platforms/android-9/arch-arm/usr/lib/crtbegin_so.o

.rel.dyn        0x000010cc       0x70
 *(.rel.init)
 *(.rel.text .rel.text.* .rel.gnu.linkonce.t.*)
 .rel.text      0x000010cc        0x8 C:/android-ndk-r8/platforms/android-9/arch-arm/usr/lib/crtbegin_so.o
 *(.rel.fini)
 *(.rel.rodata .rel.rodata.* .rel.gnu.linkonce.r.*)
 *(.rel.data.rel.ro* .rel.gnu.linkonce.d.rel.ro.*)
 *(.rel.data .rel.data.* .rel.gnu.linkonce.d.*)
 *(.rel.tdata .rel.tdata.* .rel.gnu.linkonce.td.*)
 *(.rel.tbss .rel.tbss.* .rel.gnu.linkonce.tb.*)
 *(.rel.ctors)
 *(.rel.dtors)
 *(.rel.got)
 .rel.got       0x000010d4       0x58 C:/android-ndk-r8/platforms/android-9/arch-arm/usr/lib/crtbegin_so.o
 *(.rel.bss .rel.bss.* .rel.gnu.linkonce.b.*)
 .rel.fini_array
                0x0000112c        0x8 C:/android-ndk-r8/platforms/android-9/arch-arm/usr/lib/crtbegin_so.o
 .rel.init_array
                0x00001134        0x8 C:/android-ndk-r8/platforms/android-9/arch-arm/usr/lib/crtbegin_so.o

.rela.dyn
 *(.rela.init)
 *(.rela.text .rela.text.* .rela.gnu.linkonce.t.*)
 *(.rela.fini)
 *(.rela.rodata .rela.rodata.* .rela.gnu.linkonce.r.*)
 *(.rela.data .rela.data.* .rela.gnu.linkonce.d.*)
 *(.rela.tdata .rela.tdata.* .rela.gnu.linkonce.td.*)
 *(.rela.tbss .rela.tbss.* .rela.gnu.linkonce.tb.*)
 *(.rela.ctors)
 *(.rela.dtors)
 *(.rela.got)
 *(.rela.bss .rela.bss.* .rela.gnu.linkonce.b.*)

.rel.plt        0x0000113c       0xb8
 *(.rel.plt)
 .rel.plt       0x0000113c       0xb8 C:/android-ndk-r8/platforms/android-9/arch-arm/usr/lib/crtbegin_so.o

.rela.plt
 *(.rela.plt)

.init
 *(.init)

.plt            0x000011f4      0x128
 *(.plt)
 .plt           0x000011f4      0x128 C:/android-ndk-r8/platforms/android-9/arch-arm/usr/lib/crtbegin_so.o

.text           0x0000131c     0x2ed4
 *(.text .stub .text.* .gnu.linkonce.t.*)
 .text          0x0000131c       0x10 C:/android-ndk-r8/platforms/android-9/arch-arm/usr/lib/crtbegin_so.o
 .text._ZN7_JNIEnv9FindClassEPKc
                0x0000132c       0x38 debug\imageResize_platform.os
                0x0000132c                _JNIEnv::FindClass(char const*)
 .text._ZN7_JNIEnv17ExceptionOccurredEv
                0x00001364       0x30 debug\imageResize_platform.os
                0x00001364                _JNIEnv::ExceptionOccurred()
 .text._ZN7_JNIEnv17ExceptionDescribeEv
                0x00001394       0x28 debug\imageResize_platform.os
                0x00001394                _JNIEnv::ExceptionDescribe()
 .text._ZN7_JNIEnv14ExceptionClearEv
                0x000013bc       0x28 debug\imageResize_platform.os
                0x000013bc                _JNIEnv::ExceptionClear()
 .text._ZN7_JNIEnv12NewGlobalRefEP8_jobject
                0x000013e4       0x38 debug\imageResize_platform.os
                0x000013e4                _JNIEnv::NewGlobalRef(_jobject*)
 .text._ZN7_JNIEnv15DeleteGlobalRefEP8_jobject
                0x0000141c       0x30 debug\imageResize_platform.os
                0x0000141c                _JNIEnv::DeleteGlobalRef(_jobject*)
 .text._ZN7_JNIEnv14DeleteLocalRefEP8_jobject
                0x0000144c       0x30 debug\imageResize_platform.os
                0x0000144c                _JNIEnv::DeleteLocalRef(_jobject*)
 .text._ZN7_JNIEnv9NewObjectEP7_jclassP10_jmethodIDz
                0x0000147c       0x5c debug\imageResize_platform.os
                0x0000147c                _JNIEnv::NewObject(_jclass*, _jmethodID*, ...)
 .text._ZN7_JNIEnv11GetMethodIDEP7_jclassPKcS3_
                0x000014d8       0x48 debug\imageResize_platform.os
                0x000014d8                _JNIEnv::GetMethodID(_jclass*, char const*, char const*)
 .text._ZN7_JNIEnv17CallBooleanMethodEP8_jobjectP10_jmethodIDz
                0x00001520       0x5c debug\imageResize_platform.os
                0x00001520                _JNIEnv::CallBooleanMethod(_jobject*, _jmethodID*, ...)
 .text._ZN7_JNIEnv12NewStringUTFEPKc
                0x0000157c       0x38 debug\imageResize_platform.os
                0x0000157c                _JNIEnv::NewStringUTF(char const*)
 .text._ZN7_JNIEnv11NewIntArrayEi
                0x000015b4       0x38 debug\imageResize_platform.os
                0x000015b4                _JNIEnv::NewIntArray(int)
 .text._ZN7_JNIEnv17SetIntArrayRegionEP10_jintArrayiiPKi
                0x000015ec       0x48 debug\imageResize_platform.os
                0x000015ec                _JNIEnv::SetIntArrayRegion(_jintArray*, int, int, int const*)
 .text._ZN7_JavaVM6GetEnvEPPvi
                0x00001634       0x40 debug\imageResize_platform.os
                0x00001634                _JavaVM::GetEnv(void**, int)
 .text._ZL15s3eEdkJNIGetEnvv
                0x00001674       0x44 debug\imageResize_platform.os
 .text._ZL27s3eEdkAndroidFindClass_realPKc
                0x000016b8       0xa4 debug\imageResize_platform.os
 .text._ZL22s3eEdkAndroidFindClassPKc
                0x0000175c       0x38 debug\imageResize_platform.os
 .text._Z24imageResizeInit_platformv
                0x00001794      0x2b0 debug\imageResize_platform.os
                0x00001794                imageResizeInit_platform()
 .text._Z29imageResizeTerminate_platformv
                0x00001a44        0x4 debug\imageResize_platform.os
                0x00001a44                imageResizeTerminate_platform()
 .text._Z20resizeImage_platformPKcS0_ii
                0x00001a48       0xb8 debug\imageResize_platform.os
                0x00001a48                resizeImage_platform(char const*, char const*, int, int)
 .text.cnsSaveImageBufferToGallery
                0x00001b00      0x174 debug\imageResize_platform.os
                0x00001b00                cnsSaveImageBufferToGallery
 .text._Z15imageResizeInitv
                0x00001c74       0x14 debug\imageResize.os
                0x00001c74                imageResizeInit()
 .text._Z20imageResizeTerminatev
                0x00001c88        0xc debug\imageResize.os
                0x00001c88                imageResizeTerminate()
 .text.resizeImage
                0x00001c94       0x3c debug\imageResize.os
                0x00001c94                resizeImage
 .text.imageResizeRegister
                0x00001cd0       0x50 debug\imageResize_register.os
                0x00001cd0                imageResizeRegister
 .text.imageResizeUnRegister
                0x00001d20       0x44 debug\imageResize_register.os
                0x00001d20                imageResizeUnRegister
 .text._Z22imageResizeRegisterExtv
                0x00001d64       0xdc debug\imageResize_register.os
                0x00001d64                imageResizeRegisterExt()
 .text.RegisterExt
                0x00001e40        0xc debug\imageResize_register.os
                0x00001e40                RegisterExt
 .text.IwDebugTraceSetTraceChannel
                0x00001e4c       0x1c C:\Marmalade\6.1\s3e\edk\lib\android\libedk.a(IwDebug.o)
                0x00001e4c                IwDebugTraceSetTraceChannel
 .text._GLOBAL__I_D__sdkbuild_sdk_6.1_modules_iwcore_source_IwDebug.cpp
                0x00001e68       0xa4 C:\Marmalade\6.1\s3e\edk\lib\android\libedk.a(IwDebug.o)
 .text.IwDebugTraceIsChannelOn
                0x00001f0c      0x2b8 C:\Marmalade\6.1\s3e\edk\lib\android\libedk.a(IwDebug.o)
                0x00001f0c                IwDebugTraceIsChannelOn
 .text.IwDebugTraceLinePrintf
                0x000021c4      0x10c C:\Marmalade\6.1\s3e\edk\lib\android\libedk.a(IwDebug.o)
                0x000021c4                IwDebugTraceLinePrintf
 .text.s3eEdkThreadRunOnOS
                0x000022d0       0x30 C:\Marmalade\6.1\s3e\edk\lib\android\libedk.a(edk_helpers.o)
                0x000022d0                s3eEdkThreadRunOnOS
 .text          0x00002300       0x1c c:/android-ndk-r8/toolchains/arm-linux-androideabi-4.4.3/prebuilt/windows/bin/../lib/gcc/arm-linux-androideabi/4.4.3\libgcc.a(_aeabi_ldivmod.o)
                0x00002300                __aeabi_ldivmod
 .text          0x0000231c       0x88 c:/android-ndk-r8/toolchains/arm-linux-androideabi-4.4.3/prebuilt/windows/bin/../lib/gcc/arm-linux-androideabi/4.4.3\libgcc.a(bpabi.o)
                0x0000231c                __gnu_uldivmod_helper
                0x00002360                __gnu_ldivmod_helper
 .text          0x000023a4      0xec4 c:/android-ndk-r8/toolchains/arm-linux-androideabi-4.4.3/prebuilt/windows/bin/../lib/gcc/arm-linux-androideabi/4.4.3\libgcc.a(unwind-arm.o)
                0x00002dcc                __gnu_Unwind_RaiseException
                0x00002924                __aeabi_unwind_cpp_pr0
                0x00002454                _Unwind_GetCFA
                0x000023f0                _Unwind_VRS_Set
                0x00002b68                __gnu_Unwind_Backtrace
                0x00002efc                _Unwind_VRS_Pop
                0x00002914                __aeabi_unwind_cpp_pr2
                0x00002460                _Unwind_DeleteException
                0x0000245c                _Unwind_Complete
                0x00002e90                __gnu_Unwind_Resume
                0x00002d58                __gnu_Unwind_ForcedUnwind
                0x00002e70                __gnu_Unwind_Resume_or_Rethrow
                0x000023a4                _Unwind_VRS_Get
                0x0000291c                __aeabi_unwind_cpp_pr1
 .text          0x00003268      0x1a8 c:/android-ndk-r8/toolchains/arm-linux-androideabi-4.4.3/prebuilt/windows/bin/../lib/gcc/arm-linux-androideabi/4.4.3\libgcc.a(libunwind.o)
                0x000033c8                ___Unwind_ForcedUnwind
                0x00003284                __gnu_Unwind_Save_VFP
                0x000033a4                _Unwind_Resume_or_Rethrow
                0x000033a4                ___Unwind_Resume_or_Rethrow
                0x000033ec                _Unwind_Backtrace
                0x00003268                __restore_core_regs
                0x000032a4                __gnu_Unwind_Save_VFP_D_16_to_31
                0x00003294                __gnu_Unwind_Save_VFP_D
                0x000033ec                ___Unwind_Backtrace
                0x0000335c                ___Unwind_RaiseException
                0x00003380                ___Unwind_Resume
                0x000032ac                __gnu_Unwind_Restore_WMMXD
                0x0000327c                __gnu_Unwind_Restore_VFP
                0x00003380                _Unwind_Resume
                0x0000328c                __gnu_Unwind_Restore_VFP_D
                0x0000329c                __gnu_Unwind_Restore_VFP_D_16_to_31
                0x0000335c                _Unwind_RaiseException
                0x00003268                restore_core_regs
                0x00003348                __gnu_Unwind_Save_WMMXC
                0x00003334                __gnu_Unwind_Restore_WMMXC
                0x000033c8                _Unwind_ForcedUnwind
                0x000032f0                __gnu_Unwind_Save_WMMXD
 .text          0x00003410      0x484 c:/android-ndk-r8/toolchains/arm-linux-androideabi-4.4.3/prebuilt/windows/bin/../lib/gcc/arm-linux-androideabi/4.4.3\libgcc.a(pr-support.o)
                0x000034b0                _Unwind_GetRegionStart
                0x000034dc                __gnu_unwind_execute
                0x00003468                _Unwind_GetTextRelBase
                0x00003478                _Unwind_GetLanguageSpecificData
                0x00003854                __gnu_unwind_frame
                0x00003470                _Unwind_GetDataRelBase
 .text          0x00003894      0x47c c:/android-ndk-r8/toolchains/arm-linux-androideabi-4.4.3/prebuilt/windows/bin/../lib/gcc/arm-linux-androideabi/4.4.3\libgcc.a(_divdi3.o)
                0x00003894                __divdi3
 .text          0x00003d10      0x40c c:/android-ndk-r8/toolchains/arm-linux-androideabi-4.4.3/prebuilt/windows/bin/../lib/gcc/arm-linux-androideabi/4.4.3\libgcc.a(_udivdi3.o)
                0x00003d10                __udivdi3
 .text          0x0000411c       0xc4 c:/android-ndk-r8/toolchains/arm-linux-androideabi-4.4.3/prebuilt/windows/bin/../lib/gcc/arm-linux-androideabi/4.4.3\libgcc.a(_udivsi3.o)
                0x0000411c                __udivsi3
                0x0000411c                __aeabi_uidiv
                0x000041c8                __aeabi_uidivmod
 .text          0x000041e0       0x10 c:/android-ndk-r8/toolchains/arm-linux-androideabi-4.4.3/prebuilt/windows/bin/../lib/gcc/arm-linux-androideabi/4.4.3\libgcc.a(_dvmd_lnx.o)
                0x000041e0                __div0
 *(.gnu.warning)
 *(.glue_7t)
 .glue_7t       0x00000000        0x0 linker stubs
 *(.glue_7)
 .glue_7        0x00000000        0x0 linker stubs
 *(.vfp11_veneer)
 .vfp11_veneer  0x00000000        0x0 linker stubs
 *(.v4_bx)
 .v4_bx         0x00000000        0x0 linker stubs

.fini
 *(.fini)
                0x000041f0                PROVIDE (__etext, .)
                0x000041f0                PROVIDE (_etext, .)
                0x000041f0                PROVIDE (etext, .)

.rodata         0x000041f0      0x204
 *(.rodata .rodata.* .gnu.linkonce.r.*)
 .rodata        0x000041f0       0xdc debug\imageResize_platform.os
 .rodata        0x000042cc        0xc debug\imageResize_register.os
 .rodata.str1.4
                0x000042d8      0x11c C:\Marmalade\6.1\s3e\edk\lib\android\libedk.a(IwDebug.o)
                                0x120 (size before relaxing)

.rodata1
 *(.rodata1)

.ARM.extab      0x000043f4       0x24
 *(.ARM.extab* .gnu.linkonce.armextab.*)
 .ARM.extab     0x000043f4       0x24 c:/android-ndk-r8/toolchains/arm-linux-androideabi-4.4.3/prebuilt/windows/bin/../lib/gcc/arm-linux-androideabi/4.4.3\libgcc.a(unwind-arm.o)
                0x00004418                __exidx_start = .

.ARM.exidx      0x00004418       0xf8
 *(.ARM.exidx* .gnu.linkonce.armexidx.*)
 .ARM.exidx     0x00004418       0x10 c:/android-ndk-r8/toolchains/arm-linux-androideabi-4.4.3/prebuilt/windows/bin/../lib/gcc/arm-linux-androideabi/4.4.3\libgcc.a(bpabi.o)
 .ARM.exidx     0x00004428       0xa0 c:/android-ndk-r8/toolchains/arm-linux-androideabi-4.4.3/prebuilt/windows/bin/../lib/gcc/arm-linux-androideabi/4.4.3\libgcc.a(unwind-arm.o)
 .ARM.exidx     0x000044c8       0x38 c:/android-ndk-r8/toolchains/arm-linux-androideabi-4.4.3/prebuilt/windows/bin/../lib/gcc/arm-linux-androideabi/4.4.3\libgcc.a(pr-support.o)
 .ARM.exidx     0x00004500        0x8 c:/android-ndk-r8/toolchains/arm-linux-androideabi-4.4.3/prebuilt/windows/bin/../lib/gcc/arm-linux-androideabi/4.4.3\libgcc.a(_divdi3.o)
 .ARM.exidx     0x00004508        0x8 c:/android-ndk-r8/toolchains/arm-linux-androideabi-4.4.3/prebuilt/windows/bin/../lib/gcc/arm-linux-androideabi/4.4.3\libgcc.a(_udivdi3.o)
                0x00004510                __exidx_end = .

.eh_frame_hdr
 *(.eh_frame_hdr)

.eh_frame
 *(.eh_frame)

.gcc_except_table
 *(.gcc_except_table .gcc_except_table.*)
                0x00004510                . = (ALIGN (0x1000) - ((0x1000 - .) & 0xfff))
                0x00005000                . = (0x1000 DATA_SEGMENT_ALIGN 0x1000)

.eh_frame
 *(.eh_frame)

.gcc_except_table
 *(.gcc_except_table .gcc_except_table.*)

.tdata
 *(.tdata .tdata.* .gnu.linkonce.td.*)

.tbss
 *(.tbss .tbss.* .gnu.linkonce.tb.*)
 *(.tcommon)

.preinit_array
 *(.preinit_array)

.init_array     0x00005000        0xc
 *(SORT(.init_array.*))
 *(.init_array)
 .init_array    0x00005000        0x4 C:/android-ndk-r8/platforms/android-9/arch-arm/usr/lib/crtbegin_so.o
                0x00005000                __INIT_ARRAY__
 .init_array    0x00005004        0x4 C:\Marmalade\6.1\s3e\edk\lib\android\libedk.a(IwDebug.o)
 .init_array    0x00005008        0x4 C:/android-ndk-r8/platforms/android-9/arch-arm/usr/lib/crtend_so.o

.fini_array     0x0000500c        0xc
 *(.fini_array)
 .fini_array    0x0000500c        0x8 C:/android-ndk-r8/platforms/android-9/arch-arm/usr/lib/crtbegin_so.o
                0x0000500c                __FINI_ARRAY__
 .fini_array    0x00005014        0x4 C:/android-ndk-r8/platforms/android-9/arch-arm/usr/lib/crtend_so.o
 *(SORT(.fini_array.*))

.ctors
 *crtbegin.o(.ctors)
 *crtbegin?.o(.ctors)
 *(EXCLUDE_FILE(*crtend?.o *crtend.o) .ctors)
 *(SORT(.ctors.*))
 *(.ctors)

.dtors
 *crtbegin.o(.dtors)
 *crtbegin?.o(.dtors)
 *(EXCLUDE_FILE(*crtend?.o *crtend.o) .dtors)
 *(SORT(.dtors.*))
 *(.dtors)

.jcr
 *(.jcr)

.data.rel.ro
 *(.data.rel.ro.local* .gnu.linkonce.d.rel.ro.local.*)
 *(.data.rel.ro* .gnu.linkonce.d.rel.ro.*)

.dynamic        0x00005018       0xd0
 *(.dynamic)
 .dynamic       0x00005018       0xd0 C:/android-ndk-r8/platforms/android-9/arch-arm/usr/lib/crtbegin_so.o
                0x00005018                _DYNAMIC
                0x000050e8                . = (. DATA_SEGMENT_RELRO_END 0x0)

.got            0x000050e8       0x94
 *(.got.plt)
 .got.plt       0x000050e8       0x68 C:/android-ndk-r8/platforms/android-9/arch-arm/usr/lib/crtbegin_so.o
                0x000050e8                _GLOBAL_OFFSET_TABLE_
 *(.got)
 .got           0x00005150       0x2c C:/android-ndk-r8/platforms/android-9/arch-arm/usr/lib/crtbegin_so.o

.data           0x0000517c        0x0
                0x0000517c                __data_start = .
 *(.data .data.* .gnu.linkonce.d.*)

.data1
 *(.data1)
                0x0000517c                _edata = .
                0x0000517c                PROVIDE (edata, .)
                0x0000517c                __bss_start = .
                0x0000517c                __bss_start__ = .

.bss            0x00005180     0x1a44
 *(.dynbss)
 .dynbss        0x00000000        0x0 C:/android-ndk-r8/platforms/android-9/arch-arm/usr/lib/crtbegin_so.o
 *(.bss .bss.* .gnu.linkonce.b.*)
 .bss           0x00005180       0x10 C:/android-ndk-r8/platforms/android-9/arch-arm/usr/lib/crtbegin_so.o
                0x00005180                __dso_handle
 .bss           0x00005190        0xc debug\imageResize_platform.os
 .bss           0x0000519c     0x1a28 C:\Marmalade\6.1\s3e\edk\lib\android\libedk.a(IwDebug.o)
                0x0000519c                g_DebugGlobals
 *(COMMON)
                0x00006bc4                . = ALIGN ((. != 0x0)?0x4:0x1)
                0x00006bc4                _bss_end__ = .
                0x00006bc4                __bss_end__ = .
                0x00006bc4                . = ALIGN (0x4)
                0x00006bc4                . = ALIGN (0x4)
                0x00006bc4                __end__ = .
                0x00006bc4                _end = .
                0x00006bc4                PROVIDE (end, .)
                0x00006bc4                . = DATA_SEGMENT_END (.)

.stab
 *(.stab)

.stabstr
 *(.stabstr)

.stab.excl
 *(.stab.excl)

.stab.exclstr
 *(.stab.exclstr)

.stab.index
 *(.stab.index)

.stab.indexstr
 *(.stab.indexstr)

.comment        0x00000000       0xb4
 *(.comment)
 .comment       0x00000000       0x12 debug\imageResize_platform.os
 .comment       0x00000012       0x12 debug\imageResize.os
 .comment       0x00000024       0x12 debug\imageResize_register.os
 .comment       0x00000036       0x12 C:\Marmalade\6.1\s3e\edk\lib\android\libedk.a(IwDebug.o)
 .comment       0x00000048       0x12 C:\Marmalade\6.1\s3e\edk\lib\android\libedk.a(edk_helpers.o)
 .comment       0x0000005a       0x12 c:/android-ndk-r8/toolchains/arm-linux-androideabi-4.4.3/prebuilt/windows/bin/../lib/gcc/arm-linux-androideabi/4.4.3\libgcc.a(bpabi.o)
 .comment       0x0000006c       0x12 c:/android-ndk-r8/toolchains/arm-linux-androideabi-4.4.3/prebuilt/windows/bin/../lib/gcc/arm-linux-androideabi/4.4.3\libgcc.a(unwind-arm.o)
 .comment       0x0000007e       0x12 c:/android-ndk-r8/toolchains/arm-linux-androideabi-4.4.3/prebuilt/windows/bin/../lib/gcc/arm-linux-androideabi/4.4.3\libgcc.a(pr-support.o)
 .comment       0x00000090       0x12 c:/android-ndk-r8/toolchains/arm-linux-androideabi-4.4.3/prebuilt/windows/bin/../lib/gcc/arm-linux-androideabi/4.4.3\libgcc.a(_divdi3.o)
 .comment       0x000000a2       0x12 c:/android-ndk-r8/toolchains/arm-linux-androideabi-4.4.3/prebuilt/windows/bin/../lib/gcc/arm-linux-androideabi/4.4.3\libgcc.a(_udivdi3.o)

.debug
 *(.debug)

.line
 *(.line)

.debug_srcinfo
 *(.debug_srcinfo)

.debug_sfnames
 *(.debug_sfnames)

.debug_aranges  0x00000000      0x248
 *(.debug_aranges)
 .debug_aranges
                0x00000000       0xc0 debug\imageResize_platform.os
 .debug_aranges
                0x000000c0       0x30 debug\imageResize.os
 .debug_aranges
                0x000000f0       0x38 debug\imageResize_register.os
 .debug_aranges
                0x00000128       0x20 c:/android-ndk-r8/toolchains/arm-linux-androideabi-4.4.3/prebuilt/windows/bin/../lib/gcc/arm-linux-androideabi/4.4.3\libgcc.a(_aeabi_ldivmod.o)
 .debug_aranges
                0x00000148       0x20 c:/android-ndk-r8/toolchains/arm-linux-androideabi-4.4.3/prebuilt/windows/bin/../lib/gcc/arm-linux-androideabi/4.4.3\libgcc.a(bpabi.o)
 .debug_aranges
                0x00000168       0x20 c:/android-ndk-r8/toolchains/arm-linux-androideabi-4.4.3/prebuilt/windows/bin/../lib/gcc/arm-linux-androideabi/4.4.3\libgcc.a(unwind-arm.o)
 .debug_aranges
                0x00000188       0x20 c:/android-ndk-r8/toolchains/arm-linux-androideabi-4.4.3/prebuilt/windows/bin/../lib/gcc/arm-linux-androideabi/4.4.3\libgcc.a(libunwind.o)
 .debug_aranges
                0x000001a8       0x20 c:/android-ndk-r8/toolchains/arm-linux-androideabi-4.4.3/prebuilt/windows/bin/../lib/gcc/arm-linux-androideabi/4.4.3\libgcc.a(pr-support.o)
 .debug_aranges
                0x000001c8       0x20 c:/android-ndk-r8/toolchains/arm-linux-androideabi-4.4.3/prebuilt/windows/bin/../lib/gcc/arm-linux-androideabi/4.4.3\libgcc.a(_divdi3.o)
 .debug_aranges
                0x000001e8       0x20 c:/android-ndk-r8/toolchains/arm-linux-androideabi-4.4.3/prebuilt/windows/bin/../lib/gcc/arm-linux-androideabi/4.4.3\libgcc.a(_udivdi3.o)
 .debug_aranges
                0x00000208       0x20 c:/android-ndk-r8/toolchains/arm-linux-androideabi-4.4.3/prebuilt/windows/bin/../lib/gcc/arm-linux-androideabi/4.4.3\libgcc.a(_udivsi3.o)
 .debug_aranges
                0x00000228       0x20 c:/android-ndk-r8/toolchains/arm-linux-androideabi-4.4.3/prebuilt/windows/bin/../lib/gcc/arm-linux-androideabi/4.4.3\libgcc.a(_dvmd_lnx.o)

.debug_pubnames
                0x00000000      0x573
 *(.debug_pubnames)
 .debug_pubnames
                0x00000000      0x203 debug\imageResize_platform.os
 .debug_pubnames
                0x00000203       0x4f debug\imageResize.os
 .debug_pubnames
                0x00000252       0x6f debug\imageResize_register.os
 .debug_pubnames
                0x000002c1       0x45 c:/android-ndk-r8/toolchains/arm-linux-androideabi-4.4.3/prebuilt/windows/bin/../lib/gcc/arm-linux-androideabi/4.4.3\libgcc.a(bpabi.o)
 .debug_pubnames
                0x00000306      0x177 c:/android-ndk-r8/toolchains/arm-linux-androideabi-4.4.3/prebuilt/windows/bin/../lib/gcc/arm-linux-androideabi/4.4.3\libgcc.a(unwind-arm.o)
 .debug_pubnames
                0x0000047d       0xb7 c:/android-ndk-r8/toolchains/arm-linux-androideabi-4.4.3/prebuilt/windows/bin/../lib/gcc/arm-linux-androideabi/4.4.3\libgcc.a(pr-support.o)
 .debug_pubnames
                0x00000534       0x1f c:/android-ndk-r8/toolchains/arm-linux-androideabi-4.4.3/prebuilt/windows/bin/../lib/gcc/arm-linux-androideabi/4.4.3\libgcc.a(_divdi3.o)
 .debug_pubnames
                0x00000553       0x20 c:/android-ndk-r8/toolchains/arm-linux-androideabi-4.4.3/prebuilt/windows/bin/../lib/gcc/arm-linux-androideabi/4.4.3\libgcc.a(_udivdi3.o)

.debug_info     0x00000000     0x8a03
 *(.debug_info .gnu.linkonce.wi.*)
 .debug_info    0x00000000     0x5bae debug\imageResize_platform.os
 .debug_info    0x00005bae      0x12f debug\imageResize.os
 .debug_info    0x00005cdd      0x1e1 debug\imageResize_register.os
 .debug_info    0x00005ebe      0x10b c:/android-ndk-r8/toolchains/arm-linux-androideabi-4.4.3/prebuilt/windows/bin/../lib/gcc/arm-linux-androideabi/4.4.3\libgcc.a(_aeabi_ldivmod.o)
 .debug_info    0x00005fc9       0xde c:/android-ndk-r8/toolchains/arm-linux-androideabi-4.4.3/prebuilt/windows/bin/../lib/gcc/arm-linux-androideabi/4.4.3\libgcc.a(bpabi.o)
 .debug_info    0x000060a7     0x1424 c:/android-ndk-r8/toolchains/arm-linux-androideabi-4.4.3/prebuilt/windows/bin/../lib/gcc/arm-linux-androideabi/4.4.3\libgcc.a(unwind-arm.o)
 .debug_info    0x000074cb      0x10f c:/android-ndk-r8/toolchains/arm-linux-androideabi-4.4.3/prebuilt/windows/bin/../lib/gcc/arm-linux-androideabi/4.4.3\libgcc.a(libunwind.o)
 .debug_info    0x000075da      0x636 c:/android-ndk-r8/toolchains/arm-linux-androideabi-4.4.3/prebuilt/windows/bin/../lib/gcc/arm-linux-androideabi/4.4.3\libgcc.a(pr-support.o)
 .debug_info    0x00007c10      0x606 c:/android-ndk-r8/toolchains/arm-linux-androideabi-4.4.3/prebuilt/windows/bin/../lib/gcc/arm-linux-androideabi/4.4.3\libgcc.a(_divdi3.o)
 .debug_info    0x00008216      0x5cb c:/android-ndk-r8/toolchains/arm-linux-androideabi-4.4.3/prebuilt/windows/bin/../lib/gcc/arm-linux-androideabi/4.4.3\libgcc.a(_udivdi3.o)
 .debug_info    0x000087e1      0x111 c:/android-ndk-r8/toolchains/arm-linux-androideabi-4.4.3/prebuilt/windows/bin/../lib/gcc/arm-linux-androideabi/4.4.3\libgcc.a(_udivsi3.o)
 .debug_info    0x000088f2      0x111 c:/android-ndk-r8/toolchains/arm-linux-androideabi-4.4.3/prebuilt/windows/bin/../lib/gcc/arm-linux-androideabi/4.4.3\libgcc.a(_dvmd_lnx.o)

.debug_abbrev   0x00000000      0xdd6
 *(.debug_abbrev)
 .debug_abbrev  0x00000000      0x281 debug\imageResize_platform.os
 .debug_abbrev  0x00000281       0xc4 debug\imageResize.os
 .debug_abbrev  0x00000345      0x104 debug\imageResize_register.os
 .debug_abbrev  0x00000449       0x14 c:/android-ndk-r8/toolchains/arm-linux-androideabi-4.4.3/prebuilt/windows/bin/../lib/gcc/arm-linux-androideabi/4.4.3\libgcc.a(_aeabi_ldivmod.o)
 .debug_abbrev  0x0000045d       0x6a c:/android-ndk-r8/toolchains/arm-linux-androideabi-4.4.3/prebuilt/windows/bin/../lib/gcc/arm-linux-androideabi/4.4.3\libgcc.a(bpabi.o)
 .debug_abbrev  0x000004c7      0x3bb c:/android-ndk-r8/toolchains/arm-linux-androideabi-4.4.3/prebuilt/windows/bin/../lib/gcc/arm-linux-androideabi/4.4.3\libgcc.a(unwind-arm.o)
 .debug_abbrev  0x00000882       0x14 c:/android-ndk-r8/toolchains/arm-linux-androideabi-4.4.3/prebuilt/windows/bin/../lib/gcc/arm-linux-androideabi/4.4.3\libgcc.a(libunwind.o)
 .debug_abbrev  0x00000896      0x220 c:/android-ndk-r8/toolchains/arm-linux-androideabi-4.4.3/prebuilt/windows/bin/../lib/gcc/arm-linux-androideabi/4.4.3\libgcc.a(pr-support.o)
 .debug_abbrev  0x00000ab6      0x18b c:/android-ndk-r8/toolchains/arm-linux-androideabi-4.4.3/prebuilt/windows/bin/../lib/gcc/arm-linux-androideabi/4.4.3\libgcc.a(_divdi3.o)
 .debug_abbrev  0x00000c41      0x16d c:/android-ndk-r8/toolchains/arm-linux-androideabi-4.4.3/prebuilt/windows/bin/../lib/gcc/arm-linux-androideabi/4.4.3\libgcc.a(_udivdi3.o)
 .debug_abbrev  0x00000dae       0x14 c:/android-ndk-r8/toolchains/arm-linux-androideabi-4.4.3/prebuilt/windows/bin/../lib/gcc/arm-linux-androideabi/4.4.3\libgcc.a(_udivsi3.o)
 .debug_abbrev  0x00000dc2       0x14 c:/android-ndk-r8/toolchains/arm-linux-androideabi-4.4.3/prebuilt/windows/bin/../lib/gcc/arm-linux-androideabi/4.4.3\libgcc.a(_dvmd_lnx.o)

.debug_line     0x00000000     0x12d8
 *(.debug_line)
 .debug_line    0x00000000      0x31d debug\imageResize_platform.os
 .debug_line    0x0000031d       0xb7 debug\imageResize.os
 .debug_line    0x000003d4       0xf2 debug\imageResize_register.os
 .debug_line    0x000004c6       0xb9 c:/android-ndk-r8/toolchains/arm-linux-androideabi-4.4.3/prebuilt/windows/bin/../lib/gcc/arm-linux-androideabi/4.4.3\libgcc.a(_aeabi_ldivmod.o)
 .debug_line    0x0000057f       0xbf c:/android-ndk-r8/toolchains/arm-linux-androideabi-4.4.3/prebuilt/windows/bin/../lib/gcc/arm-linux-androideabi/4.4.3\libgcc.a(bpabi.o)
 .debug_line    0x0000063e      0x4e8 c:/android-ndk-r8/toolchains/arm-linux-androideabi-4.4.3/prebuilt/windows/bin/../lib/gcc/arm-linux-androideabi/4.4.3\libgcc.a(unwind-arm.o)
 .debug_line    0x00000b26      0x105 c:/android-ndk-r8/toolchains/arm-linux-androideabi-4.4.3/prebuilt/windows/bin/../lib/gcc/arm-linux-androideabi/4.4.3\libgcc.a(libunwind.o)
 .debug_line    0x00000c2b      0x1e8 c:/android-ndk-r8/toolchains/arm-linux-androideabi-4.4.3/prebuilt/windows/bin/../lib/gcc/arm-linux-androideabi/4.4.3\libgcc.a(pr-support.o)
 .debug_line    0x00000e13      0x19b c:/android-ndk-r8/toolchains/arm-linux-androideabi-4.4.3/prebuilt/windows/bin/../lib/gcc/arm-linux-androideabi/4.4.3\libgcc.a(_divdi3.o)
 .debug_line    0x00000fae      0x18b c:/android-ndk-r8/toolchains/arm-linux-androideabi-4.4.3/prebuilt/windows/bin/../lib/gcc/arm-linux-androideabi/4.4.3\libgcc.a(_udivdi3.o)
 .debug_line    0x00001139       0xe0 c:/android-ndk-r8/toolchains/arm-linux-androideabi-4.4.3/prebuilt/windows/bin/../lib/gcc/arm-linux-androideabi/4.4.3\libgcc.a(_udivsi3.o)
 .debug_line    0x00001219       0xbf c:/android-ndk-r8/toolchains/arm-linux-androideabi-4.4.3/prebuilt/windows/bin/../lib/gcc/arm-linux-androideabi/4.4.3\libgcc.a(_dvmd_lnx.o)

.debug_frame    0x00000000      0x7a8
 *(.debug_frame)
 .debug_frame   0x00000000      0x260 debug\imageResize_platform.os
 .debug_frame   0x00000260       0x64 debug\imageResize.os
 .debug_frame   0x000002c4       0x80 debug\imageResize_register.os
 .debug_frame   0x00000344       0x60 c:/android-ndk-r8/toolchains/arm-linux-androideabi-4.4.3/prebuilt/windows/bin/../lib/gcc/arm-linux-androideabi/4.4.3\libgcc.a(bpabi.o)
 .debug_frame   0x000003a4      0x248 c:/android-ndk-r8/toolchains/arm-linux-androideabi-4.4.3/prebuilt/windows/bin/../lib/gcc/arm-linux-androideabi/4.4.3\libgcc.a(unwind-arm.o)
 .debug_frame   0x000005ec      0x108 c:/android-ndk-r8/toolchains/arm-linux-androideabi-4.4.3/prebuilt/windows/bin/../lib/gcc/arm-linux-androideabi/4.4.3\libgcc.a(pr-support.o)
 .debug_frame   0x000006f4       0x44 c:/android-ndk-r8/toolchains/arm-linux-androideabi-4.4.3/prebuilt/windows/bin/../lib/gcc/arm-linux-androideabi/4.4.3\libgcc.a(_divdi3.o)
 .debug_frame   0x00000738       0x48 c:/android-ndk-r8/toolchains/arm-linux-androideabi-4.4.3/prebuilt/windows/bin/../lib/gcc/arm-linux-androideabi/4.4.3\libgcc.a(_udivdi3.o)
 .debug_frame   0x00000780       0x28 c:/android-ndk-r8/toolchains/arm-linux-androideabi-4.4.3/prebuilt/windows/bin/../lib/gcc/arm-linux-androideabi/4.4.3\libgcc.a(_udivsi3.o)

.debug_str      0x00000000     0x55d4
 *(.debug_str)
 .debug_str     0x00000000     0x48a7 debug\imageResize_platform.os
                               0x4a52 (size before relaxing)
 .debug_str     0x000048a7       0x9b debug\imageResize.os
                                0x1d7 (size before relaxing)
 .debug_str     0x00004942       0xd3 debug\imageResize_register.os
                                0x275 (size before relaxing)
 .debug_str     0x00004a15       0xcd c:/android-ndk-r8/toolchains/arm-linux-androideabi-4.4.3/prebuilt/windows/bin/../lib/gcc/arm-linux-androideabi/4.4.3\libgcc.a(bpabi.o)
                                 0xf2 (size before relaxing)
 .debug_str     0x00004ae2      0x81c c:/android-ndk-r8/toolchains/arm-linux-androideabi-4.4.3/prebuilt/windows/bin/../lib/gcc/arm-linux-androideabi/4.4.3\libgcc.a(unwind-arm.o)
                                0x908 (size before relaxing)
 .debug_str     0x000052fe      0x151 c:/android-ndk-r8/toolchains/arm-linux-androideabi-4.4.3/prebuilt/windows/bin/../lib/gcc/arm-linux-androideabi/4.4.3\libgcc.a(pr-support.o)
                                0x46e (size before relaxing)
 .debug_str     0x0000544f      0x17b c:/android-ndk-r8/toolchains/arm-linux-androideabi-4.4.3/prebuilt/windows/bin/../lib/gcc/arm-linux-androideabi/4.4.3\libgcc.a(_divdi3.o)
                                0x22b (size before relaxing)
 .debug_str     0x000055ca        0xa c:/android-ndk-r8/toolchains/arm-linux-androideabi-4.4.3/prebuilt/windows/bin/../lib/gcc/arm-linux-androideabi/4.4.3\libgcc.a(_udivdi3.o)
                                0x22c (size before relaxing)

.debug_loc      0x00000000     0x25a6
 *(.debug_loc)
 .debug_loc     0x00000000      0x389 debug\imageResize_platform.os
 .debug_loc     0x00000389       0x6c debug\imageResize.os
 .debug_loc     0x000003f5       0xa4 debug\imageResize_register.os
 .debug_loc     0x00000499      0x120 c:/android-ndk-r8/toolchains/arm-linux-androideabi-4.4.3/prebuilt/windows/bin/../lib/gcc/arm-linux-androideabi/4.4.3\libgcc.a(bpabi.o)
 .debug_loc     0x000005b9      0xfef c:/android-ndk-r8/toolchains/arm-linux-androideabi-4.4.3/prebuilt/windows/bin/../lib/gcc/arm-linux-androideabi/4.4.3\libgcc.a(unwind-arm.o)
 .debug_loc     0x000015a8      0x2f9 c:/android-ndk-r8/toolchains/arm-linux-androideabi-4.4.3/prebuilt/windows/bin/../lib/gcc/arm-linux-androideabi/4.4.3\libgcc.a(pr-support.o)
 .debug_loc     0x000018a1      0x6cf c:/android-ndk-r8/toolchains/arm-linux-androideabi-4.4.3/prebuilt/windows/bin/../lib/gcc/arm-linux-androideabi/4.4.3\libgcc.a(_divdi3.o)
 .debug_loc     0x00001f70      0x636 c:/android-ndk-r8/toolchains/arm-linux-androideabi-4.4.3/prebuilt/windows/bin/../lib/gcc/arm-linux-androideabi/4.4.3\libgcc.a(_udivdi3.o)

.debug_macinfo
 *(.debug_macinfo)

.debug_weaknames
 *(.debug_weaknames)

.debug_funcnames
 *(.debug_funcnames)

.debug_typenames
 *(.debug_typenames)

.debug_varnames
 *(.debug_varnames)

.debug_pubtypes
 *(.debug_pubtypes)

.debug_ranges   0x00000000      0x448
 *(.debug_ranges)
 .debug_ranges  0x00000000       0xb0 debug\imageResize_platform.os
 .debug_ranges  0x000000b0       0x20 debug\imageResize.os
 .debug_ranges  0x000000d0       0x28 debug\imageResize_register.os
 .debug_ranges  0x000000f8      0x1f8 c:/android-ndk-r8/toolchains/arm-linux-androideabi-4.4.3/prebuilt/windows/bin/../lib/gcc/arm-linux-androideabi/4.4.3\libgcc.a(unwind-arm.o)
 .debug_ranges  0x000002f0       0x30 c:/android-ndk-r8/toolchains/arm-linux-androideabi-4.4.3/prebuilt/windows/bin/../lib/gcc/arm-linux-androideabi/4.4.3\libgcc.a(pr-support.o)
 .debug_ranges  0x00000320       0xa0 c:/android-ndk-r8/toolchains/arm-linux-androideabi-4.4.3/prebuilt/windows/bin/../lib/gcc/arm-linux-androideabi/4.4.3\libgcc.a(_divdi3.o)
 .debug_ranges  0x000003c0       0x88 c:/android-ndk-r8/toolchains/arm-linux-androideabi-4.4.3/prebuilt/windows/bin/../lib/gcc/arm-linux-androideabi/4.4.3\libgcc.a(_udivdi3.o)

.gnu.attributes
 *(.gnu.attributes)

.note.gnu.arm.ident
 *(.note.gnu.arm.ident)

/DISCARD/
 *(.note.GNU-stack)
 *(.gnu_debuglink)
OUTPUT(C:\Marmalade\6.1\extensions\imageResize\lib\android\libimageResize_d.so elf32-littlearm)

.ARM.attributes
                0x00000000       0x29
 .ARM.attributes
                0x00000000       0x19 C:/android-ndk-r8/platforms/android-9/arch-arm/usr/lib/crtbegin_so.o
 .ARM.attributes
                0x00000019       0x2b debug\imageResize_platform.os
 .ARM.attributes
                0x00000044       0x2b debug\imageResize.os
 .ARM.attributes
                0x0000006f       0x2b debug\imageResize_register.os
 .ARM.attributes
                0x0000009a       0x2b C:\Marmalade\6.1\s3e\edk\lib\android\libedk.a(IwDebug.o)
 .ARM.attributes
                0x000000c5       0x2b C:\Marmalade\6.1\s3e\edk\lib\android\libedk.a(edk_helpers.o)
 .ARM.attributes
                0x000000f0       0x19 c:/android-ndk-r8/toolchains/arm-linux-androideabi-4.4.3/prebuilt/windows/bin/../lib/gcc/arm-linux-androideabi/4.4.3\libgcc.a(_aeabi_ldivmod.o)
 .ARM.attributes
                0x00000109       0x29 c:/android-ndk-r8/toolchains/arm-linux-androideabi-4.4.3/prebuilt/windows/bin/../lib/gcc/arm-linux-androideabi/4.4.3\libgcc.a(bpabi.o)
 .ARM.attributes
                0x00000132       0x29 c:/android-ndk-r8/toolchains/arm-linux-androideabi-4.4.3/prebuilt/windows/bin/../lib/gcc/arm-linux-androideabi/4.4.3\libgcc.a(unwind-arm.o)
 .ARM.attributes
                0x0000015b       0x19 c:/android-ndk-r8/toolchains/arm-linux-androideabi-4.4.3/prebuilt/windows/bin/../lib/gcc/arm-linux-androideabi/4.4.3\libgcc.a(libunwind.o)
 .ARM.attributes
                0x00000174       0x29 c:/android-ndk-r8/toolchains/arm-linux-androideabi-4.4.3/prebuilt/windows/bin/../lib/gcc/arm-linux-androideabi/4.4.3\libgcc.a(pr-support.o)
 .ARM.attributes
                0x0000019d       0x29 c:/android-ndk-r8/toolchains/arm-linux-androideabi-4.4.3/prebuilt/windows/bin/../lib/gcc/arm-linux-androideabi/4.4.3\libgcc.a(_divdi3.o)
 .ARM.attributes
                0x000001c6       0x29 c:/android-ndk-r8/toolchains/arm-linux-androideabi-4.4.3/prebuilt/windows/bin/../lib/gcc/arm-linux-androideabi/4.4.3\libgcc.a(_udivdi3.o)
 .ARM.attributes
                0x000001ef       0x19 c:/android-ndk-r8/toolchains/arm-linux-androideabi-4.4.3/prebuilt/windows/bin/../lib/gcc/arm-linux-androideabi/4.4.3\libgcc.a(_udivsi3.o)
 .ARM.attributes
                0x00000208       0x19 c:/android-ndk-r8/toolchains/arm-linux-androideabi-4.4.3/prebuilt/windows/bin/../lib/gcc/arm-linux-androideabi/4.4.3\libgcc.a(_dvmd_lnx.o)
 .ARM.attributes
                0x00000221       0x17 C:/android-ndk-r8/platforms/android-9/arch-arm/usr/lib/crtend_so.o
