Archive member included because of file (symbol)

C:\marmalade\6.1\s3e\edk\lib\android\libedk.a(edk_helpers.o)
                              release\imageResize_platform.os (s3eEdkThreadRunOnOS)

Discarded input sections

 .text          0x00000000        0x0 X:/android/android-ndk-r8c/platforms/android-9/arch-arm/usr/lib/crtbegin_so.o
 .bss           0x00000000        0x0 X:/android/android-ndk-r8c/platforms/android-9/arch-arm/usr/lib/crtbegin_so.o
 .note.GNU-stack
                0x00000000        0x0 X:/android/android-ndk-r8c/platforms/android-9/arch-arm/usr/lib/crtbegin_so.o
 _ZN7_JNIEnv17CallBooleanMethodEP8_jobjectP10_jmethodIDz
                0x00000000        0x0 release\imageResize_platform.os
 _ZN7_JNIEnv9NewObjectEP7_jclassP10_jmethodIDz
                0x00000000        0x0 release\imageResize_platform.os
 .text          0x00000000        0x0 release\imageResize_platform.os
 .data          0x00000000        0x0 release\imageResize_platform.os
 .note.GNU-stack
                0x00000000        0x0 release\imageResize_platform.os
 .text          0x00000000        0x0 release\imageResize.os
 .data          0x00000000        0x0 release\imageResize.os
 .bss           0x00000000        0x0 release\imageResize.os
 .note.GNU-stack
                0x00000000        0x0 release\imageResize.os
 .text          0x00000000        0x0 release\imageResize_register.os
 .data          0x00000000        0x0 release\imageResize_register.os
 .bss           0x00000000        0x0 release\imageResize_register.os
 .text._Z22imageResizeRegisterExtv
                0x00000000        0x0 release\imageResize_register.os
 .note.GNU-stack
                0x00000000        0x0 release\imageResize_register.os
 .text          0x00000000        0x0 C:\marmalade\6.1\s3e\edk\lib\android\libedk.a(edk_helpers.o)
 .data          0x00000000        0x0 C:\marmalade\6.1\s3e\edk\lib\android\libedk.a(edk_helpers.o)
 .bss           0x00000000        0x0 C:\marmalade\6.1\s3e\edk\lib\android\libedk.a(edk_helpers.o)
 .text.s3eEdkThreadRunOnOSAsync
                0x00000000        0x0 C:\marmalade\6.1\s3e\edk\lib\android\libedk.a(edk_helpers.o)
 .text.s3eEdkErrorSetString
                0x00000000        0x0 C:\marmalade\6.1\s3e\edk\lib\android\libedk.a(edk_helpers.o)
 .note.GNU-stack
                0x00000000        0x0 C:\marmalade\6.1\s3e\edk\lib\android\libedk.a(edk_helpers.o)
 .text          0x00000000        0x0 X:/android/android-ndk-r8c/platforms/android-9/arch-arm/usr/lib/crtend_so.o
 .data          0x00000000        0x0 X:/android/android-ndk-r8c/platforms/android-9/arch-arm/usr/lib/crtend_so.o
 .bss           0x00000000        0x0 X:/android/android-ndk-r8c/platforms/android-9/arch-arm/usr/lib/crtend_so.o
 .note.GNU-stack
                0x00000000        0x0 X:/android/android-ndk-r8c/platforms/android-9/arch-arm/usr/lib/crtend_so.o

Memory Configuration

Name             Origin             Length             Attributes
*default*        0x00000000         0xffffffff

Linker script and memory map

LOAD X:/android/android-ndk-r8c/platforms/android-9/arch-arm/usr/lib/crtbegin_so.o
LOAD release\imageResize_platform.os
LOAD release\imageResize.os
LOAD release\imageResize_register.os
LOAD C:\marmalade\6.1\s3e\edk\lib\android\libedk.a
LOAD C:\marmalade\6.1\s3e\edk\lib\android/libplaceholderplaceholderplaceholderplaceholderplaceholder.so
LOAD X:\android\android-ndk-r8c\platforms\android-9\arch-arm\usr\lib/liblog.so
LOAD X:\android\android-ndk-r8c\sources\cxx-stl\gnu-libstdc++\4.4.3\libs\armeabi\libgnustl_static.a
LOAD x:/android/android-ndk-r8c/toolchains/arm-linux-androideabi-4.4.3/prebuilt/windows/bin/../lib/gcc/arm-linux-androideabi/4.4.3\libgcc.a
LOAD X:\android\android-ndk-r8c\platforms\android-9\arch-arm\usr\lib/libstdc++.so
LOAD X:\android\android-ndk-r8c\platforms\android-9\arch-arm\usr\lib/libm.so
LOAD X:\android\android-ndk-r8c\platforms\android-9\arch-arm\usr\lib/libc.so
LOAD x:/android/android-ndk-r8c/toolchains/arm-linux-androideabi-4.4.3/prebuilt/windows/bin/../lib/gcc/arm-linux-androideabi/4.4.3\libgcc.a
LOAD X:\android\android-ndk-r8c\platforms\android-9\arch-arm\usr\lib/libc.so
LOAD X:\android\android-ndk-r8c\platforms\android-9\arch-arm\usr\lib/libdl.so
LOAD x:/android/android-ndk-r8c/toolchains/arm-linux-androideabi-4.4.3/prebuilt/windows/bin/../lib/gcc/arm-linux-androideabi/4.4.3\libgcc.a
LOAD X:/android/android-ndk-r8c/platforms/android-9/arch-arm/usr/lib/crtend_so.o
                0x000000d4                . = (0x0 + SIZEOF_HEADERS)

.note.gnu.build-id
 *(.note.gnu.build-id)

.hash           0x000000d4       0xa0
 *(.hash)
 .hash          0x000000d4       0xa0 X:/android/android-ndk-r8c/platforms/android-9/arch-arm/usr/lib/crtbegin_so.o

.gnu.hash
 *(.gnu.hash)

.dynsym         0x00000174      0x150
 *(.dynsym)
 .dynsym        0x00000174      0x150 X:/android/android-ndk-r8c/platforms/android-9/arch-arm/usr/lib/crtbegin_so.o

.dynstr         0x000002c4      0x12e
 *(.dynstr)
 .dynstr        0x000002c4      0x12e X:/android/android-ndk-r8c/platforms/android-9/arch-arm/usr/lib/crtbegin_so.o

.gnu.version    0x000003f2        0x0
 *(.gnu.version)
 .gnu.version   0x00000000        0x0 X:/android/android-ndk-r8c/platforms/android-9/arch-arm/usr/lib/crtbegin_so.o

.gnu.version_d  0x000003f4        0x0 load address 0x000003f2
 *(.gnu.version_d)
 .gnu.version_d
                0x00000000        0x0 X:/android/android-ndk-r8c/platforms/android-9/arch-arm/usr/lib/crtbegin_so.o

.gnu.version_r  0x000003f4        0x0 load address 0x000003f2
 *(.gnu.version_r)
 .gnu.version_r
                0x00000000        0x0 X:/android/android-ndk-r8c/platforms/android-9/arch-arm/usr/lib/crtbegin_so.o

.rel.dyn        0x000003f4       0x28
 *(.rel.init)
 *(.rel.text .rel.text.* .rel.gnu.linkonce.t.*)
 *(.rel.fini)
 *(.rel.rodata .rel.rodata.* .rel.gnu.linkonce.r.*)
 *(.rel.data.rel.ro* .rel.gnu.linkonce.d.rel.ro.*)
 *(.rel.data .rel.data.* .rel.gnu.linkonce.d.*)
 *(.rel.tdata .rel.tdata.* .rel.gnu.linkonce.td.*)
 *(.rel.tbss .rel.tbss.* .rel.gnu.linkonce.tb.*)
 *(.rel.ctors)
 *(.rel.dtors)
 *(.rel.got)
 .rel.got       0x000003f4       0x20 X:/android/android-ndk-r8c/platforms/android-9/arch-arm/usr/lib/crtbegin_so.o
 *(.rel.bss .rel.bss.* .rel.gnu.linkonce.b.*)
 .rel.fini_array
                0x00000414        0x8 X:/android/android-ndk-r8c/platforms/android-9/arch-arm/usr/lib/crtbegin_so.o

.rela.dyn
 *(.rela.init)
 *(.rela.text .rela.text.* .rela.gnu.linkonce.t.*)
 *(.rela.fini)
 *(.rela.rodata .rela.rodata.* .rela.gnu.linkonce.r.*)
 *(.rela.data .rela.data.* .rela.gnu.linkonce.d.*)
 *(.rela.tdata .rela.tdata.* .rela.gnu.linkonce.td.*)
 *(.rela.tbss .rela.tbss.* .rela.gnu.linkonce.tb.*)
 *(.rela.ctors)
 *(.rela.dtors)
 *(.rela.got)
 *(.rela.bss .rela.bss.* .rela.gnu.linkonce.b.*)

.rel.plt        0x0000041c       0x20
 *(.rel.plt)
 .rel.plt       0x0000041c       0x20 X:/android/android-ndk-r8c/platforms/android-9/arch-arm/usr/lib/crtbegin_so.o

.rela.plt
 *(.rela.plt)

.init
 *(.init)

.plt            0x0000043c       0x44
 *(.plt)
 .plt           0x0000043c       0x44 X:/android/android-ndk-r8c/platforms/android-9/arch-arm/usr/lib/crtbegin_so.o

.text           0x00000480      0x524
 *(.text .stub .text.* .gnu.linkonce.t.*)
 .text.exit     0x00000480       0x10 X:/android/android-ndk-r8c/platforms/android-9/arch-arm/usr/lib/crtbegin_so.o
                0x00000480                __on_dlclose
 .text._Z29imageResizeTerminate_platformv
                0x00000490        0x4 release\imageResize_platform.os
                0x00000490                imageResizeTerminate_platform()
 .text._ZN7_JNIEnv17CallBooleanMethodEP8_jobjectP10_jmethodIDz
                0x00000494       0x34 release\imageResize_platform.os
                0x00000494                _JNIEnv::CallBooleanMethod(_jobject*, _jmethodID*, ...)
 .text._ZN7_JNIEnv9NewObjectEP7_jclassP10_jmethodIDz
                0x000004c8       0x34 release\imageResize_platform.os
                0x000004c8                _JNIEnv::NewObject(_jclass*, _jmethodID*, ...)
 .text._Z24imageResizeInit_platformv
                0x000004fc      0x1a8 release\imageResize_platform.os
                0x000004fc                imageResizeInit_platform()
 .text._Z20resizeImage_platformPKcS0_ii
                0x000006a4       0xa8 release\imageResize_platform.os
                0x000006a4                resizeImage_platform(char const*, char const*, int, int)
 .text._ZL27s3eEdkAndroidFindClass_realPKc
                0x0000074c       0xb8 release\imageResize_platform.os
 .text.cnsSaveImageBufferToGallery
                0x00000804       0xe0 release\imageResize_platform.os
                0x00000804                cnsSaveImageBufferToGallery
 .text.resizeImage
                0x000008e4        0x4 release\imageResize.os
                0x000008e4                resizeImage
 .text._Z20imageResizeTerminatev
                0x000008e8        0x4 release\imageResize.os
                0x000008e8                imageResizeTerminate()
 .text._Z15imageResizeInitv
                0x000008ec        0x4 release\imageResize.os
                0x000008ec                imageResizeInit()
 .text.RegisterExt
                0x000008f0       0x84 release\imageResize_register.os
                0x000008f0                RegisterExt
 .text.s3eEdkThreadRunOnOS
                0x00000974       0x30 C:\marmalade\6.1\s3e\edk\lib\android\libedk.a(edk_helpers.o)
                0x00000974                s3eEdkThreadRunOnOS
 *(.gnu.warning)
 *(.glue_7t)
 .glue_7t       0x00000000        0x0 linker stubs
 *(.glue_7)
 .glue_7        0x00000000        0x0 linker stubs
 *(.vfp11_veneer)
 .vfp11_veneer  0x00000000        0x0 linker stubs
 *(.v4_bx)
 .v4_bx         0x00000000        0x0 linker stubs

.fini
 *(.fini)
                0x000009a4                PROVIDE (__etext, .)
                0x000009a4                PROVIDE (_etext, .)
                0x000009a4                PROVIDE (etext, .)

.rodata         0x000009a4       0x88
 *(.rodata .rodata.* .gnu.linkonce.r.*)
 .rodata.str1.4
                0x000009a4       0x88 release\imageResize_platform.os
 .rodata.str1.4
                0x00000000        0xc release\imageResize_register.os

.rodata1
 *(.rodata1)

.ARM.extab
 *(.ARM.extab* .gnu.linkonce.armextab.*)
                0x00000a2c                __exidx_start = .

.ARM.exidx
 *(.ARM.exidx* .gnu.linkonce.armexidx.*)
                0x00000a2c                __exidx_end = .

.eh_frame_hdr
 *(.eh_frame_hdr)

.eh_frame
 *(.eh_frame)

.gcc_except_table
 *(.gcc_except_table .gcc_except_table.*)
                0x00000a2c                . = (ALIGN (0x1000) - ((0x1000 - .) & 0xfff))
                0x00001ef0                . = (0x1000 DATA_SEGMENT_ALIGN 0x1000)

.eh_frame
 *(.eh_frame)

.gcc_except_table
 *(.gcc_except_table .gcc_except_table.*)

.tdata
 *(.tdata .tdata.* .gnu.linkonce.td.*)

.tbss
 *(.tbss .tbss.* .gnu.linkonce.tb.*)
 *(.tcommon)

.preinit_array
 *(.preinit_array)

.init_array     0x00001ef0        0x4
 *(SORT(.init_array.*))
 *(.init_array)
 .init_array    0x00001ef0        0x4 X:/android/android-ndk-r8c/platforms/android-9/arch-arm/usr/lib/crtend_so.o

.fini_array     0x00001ef4        0x8
 *(.fini_array)
 .fini_array    0x00001ef4        0x4 X:/android/android-ndk-r8c/platforms/android-9/arch-arm/usr/lib/crtbegin_so.o
 .fini_array    0x00001ef8        0x4 X:/android/android-ndk-r8c/platforms/android-9/arch-arm/usr/lib/crtend_so.o
 *(SORT(.fini_array.*))

.ctors
 *crtbegin.o(.ctors)
 *crtbegin?.o(.ctors)
 *(EXCLUDE_FILE(*crtend?.o *crtend.o) .ctors)
 *(SORT(.ctors.*))
 *(.ctors)

.dtors
 *crtbegin.o(.dtors)
 *crtbegin?.o(.dtors)
 *(EXCLUDE_FILE(*crtend?.o *crtend.o) .dtors)
 *(SORT(.dtors.*))
 *(.dtors)

.jcr
 *(.jcr)

.data.rel.ro
 *(.data.rel.ro.local* .gnu.linkonce.d.rel.ro.local.*)
 *(.data.rel.ro* .gnu.linkonce.d.rel.ro.*)

.dynamic        0x00001efc       0xd8
 *(.dynamic)
 .dynamic       0x00001efc       0xd8 X:/android/android-ndk-r8c/platforms/android-9/arch-arm/usr/lib/crtbegin_so.o
                0x00001efc                _DYNAMIC

.got            0x00001fd4       0x2c
 *(.got.plt)
 .got.plt       0x00001fd4       0x1c X:/android/android-ndk-r8c/platforms/android-9/arch-arm/usr/lib/crtbegin_so.o
                0x00001fd4                _GLOBAL_OFFSET_TABLE_
 *(.got)
 .got           0x00001ff0       0x10 X:/android/android-ndk-r8c/platforms/android-9/arch-arm/usr/lib/crtbegin_so.o
                0x00002000                . = (. DATA_SEGMENT_RELRO_END 0x0)

.data           0x00002000        0x4
                0x00002000                __data_start = .
 *(.data .data.* .gnu.linkonce.d.*)
 .data          0x00002000        0x4 X:/android/android-ndk-r8c/platforms/android-9/arch-arm/usr/lib/crtbegin_so.o
                0x00002000                __dso_handle

.data1
 *(.data1)
                0x00002004                _edata = .
                0x00002004                PROVIDE (edata, .)
                0x00002004                __bss_start = .
                0x00002004                __bss_start__ = .

.bss            0x00002004        0xc
 *(.dynbss)
 .dynbss        0x00000000        0x0 X:/android/android-ndk-r8c/platforms/android-9/arch-arm/usr/lib/crtbegin_so.o
 *(.bss .bss.* .gnu.linkonce.b.*)
 .bss           0x00002004        0xc release\imageResize_platform.os
 *(COMMON)
                0x00002010                . = ALIGN ((. != 0x0)?0x4:0x1)
                0x00002010                _bss_end__ = .
                0x00002010                __bss_end__ = .
                0x00002010                . = ALIGN (0x4)
                0x00002010                . = ALIGN (0x4)
                0x00002010                __end__ = .
                0x00002010                _end = .
                0x00002010                PROVIDE (end, .)
                0x00002010                . = DATA_SEGMENT_END (.)

.stab
 *(.stab)

.stabstr
 *(.stabstr)

.stab.excl
 *(.stab.excl)

.stab.exclstr
 *(.stab.exclstr)

.stab.index
 *(.stab.index)

.stab.indexstr
 *(.stab.indexstr)

.comment        0x00000000       0x6d
 *(.comment)
 .comment       0x00000000       0x25 X:/android/android-ndk-r8c/platforms/android-9/arch-arm/usr/lib/crtbegin_so.o
                                 0x26 (size before relaxing)
 .comment       0x00000025       0x12 release\imageResize_platform.os
 .comment       0x00000037       0x12 release\imageResize.os
 .comment       0x00000049       0x12 release\imageResize_register.os
 .comment       0x0000005b       0x12 C:\marmalade\6.1\s3e\edk\lib\android\libedk.a(edk_helpers.o)

.debug
 *(.debug)

.line
 *(.line)

.debug_srcinfo
 *(.debug_srcinfo)

.debug_sfnames
 *(.debug_sfnames)

.debug_aranges
 *(.debug_aranges)

.debug_pubnames
 *(.debug_pubnames)

.debug_info
 *(.debug_info .gnu.linkonce.wi.*)

.debug_abbrev
 *(.debug_abbrev)

.debug_line
 *(.debug_line)

.debug_frame
 *(.debug_frame)

.debug_str
 *(.debug_str)

.debug_loc
 *(.debug_loc)

.debug_macinfo
 *(.debug_macinfo)

.debug_weaknames
 *(.debug_weaknames)

.debug_funcnames
 *(.debug_funcnames)

.debug_typenames
 *(.debug_typenames)

.debug_varnames
 *(.debug_varnames)

.debug_pubtypes
 *(.debug_pubtypes)

.debug_ranges
 *(.debug_ranges)

.gnu.attributes
 *(.gnu.attributes)

.note.gnu.arm.ident
 *(.note.gnu.arm.ident)

/DISCARD/
 *(.note.GNU-stack)
 *(.gnu_debuglink)
OUTPUT(C:\marmalade\6.1\extensions\imageresize\lib\android\libimageResize.so elf32-littlearm)

.ARM.attributes
                0x00000000       0x31
 .ARM.attributes
                0x00000000       0x2d X:/android/android-ndk-r8c/platforms/android-9/arch-arm/usr/lib/crtbegin_so.o
 .ARM.attributes
                0x0000002d       0x2b release\imageResize_platform.os
 .ARM.attributes
                0x00000058       0x2b release\imageResize.os
 .ARM.attributes
                0x00000083       0x2b release\imageResize_register.os
 .ARM.attributes
                0x000000ae       0x2b C:\marmalade\6.1\s3e\edk\lib\android\libedk.a(edk_helpers.o)
 .ARM.attributes
                0x000000d9       0x1f X:/android/android-ndk-r8c/platforms/android-9/arch-arm/usr/lib/crtend_so.o
